Component: ARM Compiler 5.06 update 6 (build 750) Tool: armlink [4d35ed]

==============================================================================

Section Cross References

    startup_stm32f10x_hd.o(STACK) refers (Special) to heapauxi.o(.text) for __use_two_region_memory
    startup_stm32f10x_hd.o(HEAP) refers (Special) to heapauxi.o(.text) for __use_two_region_memory
    startup_stm32f10x_hd.o(RESET) refers (Special) to heapauxi.o(.text) for __use_two_region_memory
    startup_stm32f10x_hd.o(RESET) refers to startup_stm32f10x_hd.o(STACK) for __initial_sp
    startup_stm32f10x_hd.o(RESET) refers to startup_stm32f10x_hd.o(.text) for Reset_Handler
    startup_stm32f10x_hd.o(RESET) refers to can.o(.text) for USB_LP_CAN1_RX0_IRQHandler
    startup_stm32f10x_hd.o(RESET) refers to encoder.o(.text) for TIM2_IRQHandler
    startup_stm32f10x_hd.o(RESET) refers to usart.o(.text) for USART1_IRQHandler
    startup_stm32f10x_hd.o(RESET) refers to main.o(.text) for EXTI15_10_IRQHandler
    startup_stm32f10x_hd.o(.text) refers (Special) to heapauxi.o(.text) for __use_two_region_memory
    startup_stm32f10x_hd.o(.text) refers to __main.o(!!!main) for __main
    startup_stm32f10x_hd.o(.text) refers to startup_stm32f10x_hd.o(HEAP) for Heap_Mem
    startup_stm32f10x_hd.o(.text) refers to startup_stm32f10x_hd.o(STACK) for Stack_Mem
    main.o(.text) refers to _printf_percent.o(.ARM.Collect$$_printf_percent$$00000000) for _printf_percent
    main.o(.text) refers to _printf_f.o(.ARM.Collect$$_printf_percent$$00000003) for _printf_f
    main.o(.text) refers to printf1.o(x$fpl$printf1) for _printf_fp_dec
    main.o(.text) refers to _printf_d.o(.ARM.Collect$$_printf_percent$$00000009) for _printf_d
    main.o(.text) refers to _printf_dec.o(.text) for _printf_int_dec
    main.o(.text) refers to noretval__2printf.o(.text) for __2printf
    main.o(.text) refers to fflt_clz.o(x$fpl$fflt) for __aeabi_i2f
    main.o(.text) refers to fdiv.o(x$fpl$fdiv) for __aeabi_fdiv
    main.o(.text) refers to f2d.o(x$fpl$f2d) for __aeabi_f2d
    main.o(.text) refers to faddsub_clz.o(x$fpl$fsub) for __aeabi_fsub
    main.o(.text) refers to faddsub_clz.o(x$fpl$fadd) for __aeabi_fadd
    main.o(.text) refers to ffix.o(x$fpl$ffix) for __aeabi_f2iz
    main.o(.text) refers to sys.o(.text) for Stm32_Clock_Init
    main.o(.text) refers to delay.o(.text) for delay_init
    main.o(.text) refers to motor.o(.text) for Motor_PWM_Init
    main.o(.text) refers to oled.o(.text) for OLED_Init
    main.o(.text) refers to led.o(.text) for LED_Init
    main.o(.text) refers to key.o(.text) for KEY_Init
    main.o(.text) refers to usart.o(.text) for usart1_init
    main.o(.text) refers to dma.o(.text) for Dma_Init
    main.o(.text) refers to encoder.o(.text) for Encoder_Init_TIM2
    main.o(.text) refers to adc.o(.text) for Adc_Init
    main.o(.text) refers to ioi2c.o(.text) for IIC_Init
    main.o(.text) refers to mpu6050.o(.text) for MPU6050_initialize
    main.o(.text) refers to pstwo.o(.text) for PS2_Init
    main.o(.text) refers to exti.o(.text) for EXTI_Init
    main.o(.text) refers to fleqf.o(x$fpl$fleqf) for __aeabi_cfcmple
    main.o(.text) refers to frleqf.o(x$fpl$frleqf) for __aeabi_cfrcmple
    main.o(.text) refers to main.o(.data) for Voltage
    main.o(.text) refers to usart.o(.bss) for send_buf
    main.o(.text) refers to dleqf.o(x$fpl$dleqf) for __aeabi_cdcmple
    main.o(.text) refers to fmul.o(x$fpl$fmul) for __aeabi_fmul
    main.o(.text) refers to usart.o(.data) for anjian_app
    main.o(.text) refers to fflt_clz.o(x$fpl$ffltu) for __aeabi_ui2f
    main.o(.text) refers to ffixu.o(x$fpl$ffixu) for __aeabi_f2uiz
    main.o(.text) refers to dmul.o(x$fpl$dmul) for __aeabi_dmul
    main.o(.text) refers to d2f.o(x$fpl$d2f) for __aeabi_d2f
    main.o(.text) refers to daddsub_clz.o(x$fpl$dadd) for __aeabi_dadd
    delay.o(.text) refers to delay.o(.data) for fac_us
    sys.o(.text) refers to sys.o(.emb_text) for WFI_SET
    usart.o(.text) refers (Special) to use_no_semi_2.o(.text) for __use_no_semihosting
    usart.o(.text) refers to fflt_clz.o(x$fpl$ffltu) for __aeabi_ui2f
    usart.o(.text) refers to fdiv.o(x$fpl$fdiv) for __aeabi_fdiv
    usart.o(.text) refers to ffixu.o(x$fpl$ffixu) for __aeabi_f2uiz
    usart.o(.text) refers to faddsub_clz.o(x$fpl$frsb) for __aeabi_frsub
    usart.o(.text) refers to fmul.o(x$fpl$fmul) for __aeabi_fmul
    usart.o(.text) refers to sys.o(.text) for MY_NVIC_Init
    usart.o(.text) refers to dflt_clz.o(x$fpl$dfltu) for __aeabi_ui2d
    usart.o(.text) refers to drleqf.o(x$fpl$drleqf) for __aeabi_cdrcmple
    usart.o(.text) refers to daddsub_clz.o(x$fpl$dsub) for __aeabi_dsub
    usart.o(.text) refers to d2f.o(x$fpl$d2f) for __aeabi_d2f
    usart.o(.text) refers to f2d.o(x$fpl$f2d) for __aeabi_f2d
    usart.o(.text) refers to dmul.o(x$fpl$dmul) for __aeabi_dmul
    usart.o(.text) refers to daddsub_clz.o(x$fpl$dadd) for __aeabi_dadd
[...]
    last_time                                0x2000016c   Data           4  led.o(.data)
    temp                                     0x20000170   Data           4  led.o(.data)
    .data                                    0x20000174   Section       64  mpu6050.o(.data)
    gyro_orientation                         0x20000194   Data           9  mpu6050.o(.data)
    Angle_root                               0x200001a4   Data           4  mpu6050.o(.data)
    Angle_Over                               0x200001a8   Data           4  mpu6050.o(.data)
    error_Angle                              0x200001ac   Data           4  mpu6050.o(.data)
    last_Angle                               0x200001b0   Data           4  mpu6050.o(.data)
    .data                                    0x200001b4   Section       36  pstwo.o(.data)
    .data                                    0x200001d8   Section       17  can.o(.data)
    .bss                                     0x200001ec   Section      424  usart.o(.bss)
    SEND_DATA                                0x2000036c   Data          40  usart.o(.bss)
    .bss                                     0x20000394   Section       16  inv_mpu_dmp_motion_driver.o(.bss)
    dmp                                      0x20000394   Data          16  inv_mpu_dmp_motion_driver.o(.bss)
    .bss                                     0x200003a4   Section      146  mpu6050.o(.bss)
    .bss                                     0x20000436   Section     1024  oled.o(.bss)
    .bss                                     0x20000836   Section        9  pstwo.o(.bss)
    .bss                                     0x20000840   Section       96  libspace.o(.bss)
    HEAP                                     0x200008a0   Section      512  startup_stm32f10x_hd.o(HEAP)
    Heap_Mem                                 0x200008a0   Data         512  startup_stm32f10x_hd.o(HEAP)
    STACK                                    0x20000aa0   Section     1024  startup_stm32f10x_hd.o(STACK)
    Stack_Mem                                0x20000aa0   Data        1024  startup_stm32f10x_hd.o(STACK)
    __initial_sp                             0x20000ea0   Data           0  startup_stm32f10x_hd.o(STACK)

    Global Symbols

    Symbol Name                              Value     Ov Type        Size  Object(Section)

    BuildAttributes$$THM_ISAv4$P$D$K$B$S$PE$A:L22UL41UL21$X:L11$S22US41US21$IEEE1$IW$USESV6$~STKCKD$USESV7$~SHL$OTIME$ROPI$IEEEX$EBA8$UX$STANDARDLIB$REQ8$PRES8$EABIv2 0x00000000   Number         0  anon$$obj.o ABSOLUTE
    __ARM_use_no_argv                        0x00000000   Number         0  main.o ABSOLUTE
    _printf_flags                            0x00000000   Number         0  printf_stubs.o ABSOLUTE
    _printf_return_value                     0x00000000   Number         0  printf_stubs.o ABSOLUTE
    _printf_sizespec                         0x00000000   Number         0  printf_stubs.o ABSOLUTE
    _printf_widthprec                        0x00000000   Number         0  printf_stubs.o ABSOLUTE
    __ARM_exceptions_init                     - Undefined Weak Reference
    __alloca_initialize                       - Undefined Weak Reference
    __arm_preinit_                            - Undefined Weak Reference
    __cpp_initialize__aeabi_                  - Undefined Weak Reference
    __cxa_finalize                            - Undefined Weak Reference
    __sigvec_lookup                           - Undefined Weak Reference
    _atexit_init                              - Undefined Weak Reference
    _call_atexit_fns                          - Undefined Weak Reference
    _clock_init                               - Undefined Weak Reference
    _fp_trap_init                             - Undefined Weak Reference
    _fp_trap_shutdown                         - Undefined Weak Reference
    _get_lc_collate                           - Undefined Weak Reference
    _get_lc_ctype                             - Undefined Weak Reference
    _get_lc_monetary                          - Undefined Weak Reference
    _get_lc_time                              - Undefined Weak Reference
    _getenv_init                              - Undefined Weak Reference
    _handle_redirection                       - Undefined Weak Reference
    _init_alloc                               - Undefined Weak Reference
    _init_user_alloc                          - Undefined Weak Reference
    _initio                                   - Undefined Weak Reference
    _mutex_acquire                            - Undefined Weak Reference
    _mutex_release                            - Undefined Weak Reference
    _printf_post_padding                      - Undefined Weak Reference
    _printf_pre_padding                       - Undefined Weak Reference
    _printf_truncate_signed                   - Undefined Weak Reference
    _printf_truncate_unsigned                 - Undefined Weak Reference
    _rand_init                                - Undefined Weak Reference
    _signal_finish                            - Undefined Weak Reference
    _signal_init                              - Undefined Weak Reference
    _terminate_alloc                          - Undefined Weak Reference
    _terminate_user_alloc                     - Undefined Weak Reference
    _terminateio                              - Undefined Weak Reference
    __Vectors_Size                           0x00000130   Number         0  startup_stm32f10x_hd.o ABSOLUTE
    __Vectors                                0x08000000   Data           4  startup_stm32f10x_hd.o(RESET)
    __Vectors_End                            0x08000130   Data           0  startup_stm32f10x_hd.o(RESET)
    __main                                   0x08000131   Thumb Code     8  __main.o(!!!main)
    __scatterload                            0x08000139   Thumb Code     0  __scatter.o(!!!scatter)
    __scatterload_rt2                        0x08000139   Thumb Code    44  __scatter.o(!!!scatter)
    __scatterload_rt2_thumb_only             0x08000139   Thumb Code     0  __scatter.o(!!!scatter)
    __scatterload_null                       0x08000147   Thumb Code     0  __scatter.o(!!!scatter)
    __decompress                             0x0800016d   Thumb Code    58  __dczerorl.o(!!dczerorl)
    __decompress0                            0x0800016d   Thumb Code     0  __dczerorl.o(!!dczerorl)
    __scatterload_zeroinit                   0x080001a9   Thumb Code    28  __scatter_zi.o(!!handler_zi)
    _printf_f                                0x080001c5   Thumb Code     0  _printf_f.o(.ARM.Collect$$_printf_percent$$00000003)
    _printf_percent                          0x080001c5   Thumb Code     0  _printf_percent.o(.ARM.Collect$$_printf_percent$$00000000)
    _printf_d                                0x080001cb   Thumb Code     0  _printf_d.o(.ARM.Collect$$_printf_percent$$00000009)
    _printf_percent_end                      0x080001d1   Thumb Code     0  _printf_percent_end.o(.ARM.Collect$$_printf_percent$$00000017)
    __rt_lib_init                            0x080001d5   Thumb Code     0  libinit.o(.ARM.Collect$$libinit$$00000000)
    __rt_lib_init_fp_1                       0x080001d7   Thumb Code     0  libinit2.o(.ARM.Collect$$libinit$$00000002)
    __rt_lib_init_heap_1                     0x080001d7   Thumb Code     0  libinit2.o(.ARM.Collect$$libinit$$0000000A)
    __rt_lib_init_lc_common                  0x080001d7   Thumb Code     0  libinit2.o(.ARM.Collect$$libinit$$0000000F)
    __rt_lib_init_preinit_1                  0x080001d7   Thumb Code     0  libinit2.o(.ARM.Collect$$libinit$$00000004)
    __rt_lib_init_rand_1                     0x080001d7   Thumb Code     0  libinit2.o(.ARM.Collect$$libinit$$0000000E)
    __rt_lib_init_user_alloc_1               0x080001d7   Thumb Code     0  libinit2.o(.ARM.Collect$$libinit$$0000000C)
    __rt_lib_init_lc_collate_1               0x080001dd   Thumb Code     0  libinit2.o(.ARM.Collect$$libinit$$00000011)
    __rt_lib_init_lc_ctype_1                 0x080001dd   Thumb Code     0  libinit2.o(.ARM.Collect$$libinit$$00000013)
    __rt_lib_init_lc_monetary_1              0x080001dd   Thumb Code     0  libinit2.o(.ARM.Collect$$libinit$$00000015)
    __rt_lib_init_lc_numeric_2               0x080001dd   Thumb Code     0  libinit2.o(.ARM.Collect$$libinit$$00000016)
    __rt_lib_init_alloca_1                   0x080001e7   Thumb Code     0  libinit2.o(.ARM.Collect$$libinit$$0000002E)
    __rt_lib_init_argv_1                     0x080001e7   Thumb Code     0  libinit2.o(.ARM.Collect$$libinit$$0000002C)
    __rt_lib_init_atexit_1                   0x080001e7   Thumb Code     0  libinit2.o(.ARM.Collect$$libinit$$0000001B)
    __rt_lib_init_clock_1                    0x080001e7   Thumb Code     0  libinit2.o(.ARM.Collect$$libinit$$00000021)
    __rt_lib_init_cpp_1                      0x080001e7   Thumb Code     0  libinit2.o(.ARM.Collect$$libinit$$00000032)
    __rt_lib_init_exceptions_1               0x080001e7   Thumb Code     0  libinit2.o(.ARM.Collect$$libinit$$00000030)
    __rt_lib_init_fp_trap_1                  0x080001e7   Thumb Code     0  libinit2.o(.ARM.Collect$$libinit$$0000001F)
    __rt_lib_init_getenv_1                   0x080001e7   Thumb Code     0  libinit2.o(.ARM.Collect$$libinit$$00000023)
    __rt_lib_init_lc_numeric_1               0x080001e7   Thumb Code     0  libinit2.o(.ARM.Collect$$libinit$$00000017)
    __rt_lib_init_lc_time_1                  0x080001e7   Thumb Code     0  libinit2.o(.ARM.Collect$$libinit$$00000019)
    __rt_lib_init_return                     0x080001e7   Thumb Code     0  libinit2.o(.ARM.Collect$$libinit$$00000033)
    __rt_lib_init_signal_1                   0x080001e7   Thumb Code     0  libinit2.o(.ARM.Collect$$libinit$$0000001D)
    __rt_lib_init_stdio_1                    0x080001e7   Thumb Code     0  libinit2.o(.ARM.Collect$$libinit$$00000025)
    __rt_lib_shutdown                        0x080001e9   Thumb Code     0  libshutdown.o(.ARM.Collect$$libshutdown$$00000000)
    __rt_lib_shutdown_cpp_1                  0x080001eb   Thumb Code     0  libshutdown2.o(.ARM.Collect$$libshutdown$$00000002)
    __rt_lib_shutdown_fp_trap_1              0x080001eb   Thumb Code     0  libshutdown2.o(.ARM.Collect$$libshutdown$$00000007)
    __rt_lib_shutdown_heap_1                 0x080001eb   Thumb Code     0  libshutdown2.o(.ARM.Collect$$libshutdown$$0000000F)
    __rt_lib_shutdown_return                 0x080001eb   Thumb Code     0  libshutdown2.o(.ARM.Collect$$libshutdown$$00000010)
    __rt_lib_shutdown_signal_1               0x080001eb   Thumb Code     0  libshutdown2.o(.ARM.Collect$$libshutdown$$0000000A)
    __rt_lib_shutdown_stdio_1                0x080001eb   Thumb Code     0  libshutdown2.o(.ARM.Collect$$libshutdown$$00000004)
    __rt_lib_shutdown_user_alloc_1           0x080001eb   Thumb Code     0  libshutdown2.o(.ARM.Collect$$libshutdown$$0000000C)
    __rt_entry                               0x080001ed   Thumb Code     0  __rtentry.o(.ARM.Collect$$rtentry$$00000000)
    __rt_entry_presh_1                       0x080001ed   Thumb Code     0  __rtentry2.o(.ARM.Collect$$rtentry$$00000002)
    __rt_entry_sh                            0x080001ed   Thumb Code     0  __rtentry4.o(.ARM.Collect$$rtentry$$00000004)
    __rt_entry_li                            0x080001f3   Thumb Code     0  __rtentry2.o(.ARM.Collect$$rtentry$$0000000A)
    __rt_entry_postsh_1                      0x080001f3   Thumb Code     0  __rtentry2.o(.ARM.Collect$$rtentry$$00000009)
    __rt_entry_main                          0x080001f7   Thumb Code     0  __rtentry2.o(.ARM.Collect$$rtentry$$0000000D)
    __rt_entry_postli_1                      0x080001f7   Thumb Code     0  __rtentry2.o(.ARM.Collect$$rtentry$$0000000C)
    __rt_exit                                0x080001ff   Thumb Code     0  rtexit.o(.ARM.Collect$$rtexit$$00000000)
    __rt_exit_ls                             0x08000201   Thumb Code     0  rtexit2.o(.ARM.Collect$$rtexit$$00000003)
    __rt_exit_prels_1                        0x08000201   Thumb Code     0  rtexit2.o(.ARM.Collect$$rtexit$$00000002)
    __rt_exit_exit                           0x08000205   Thumb Code     0  rtexit2.o(.ARM.Collect$$rtexit$$00000004)
    WFI_SET                                  0x0800020d   Thumb Code     2  sys.o(.emb_text)
    INTX_DISABLE                             0x0800020f   Thumb Code     2  sys.o(.emb_text)
    INTX_ENABLE                              0x08000211   Thumb Code     2  sys.o(.emb_text)
    MSR_MSP                                  0x08000213   Thumb Code     6  sys.o(.emb_text)
    Reset_Handler                            0x08000219   Thumb Code     4  startup_stm32f10x_hd.o(.text)
    NMI_Handler                              0x0800021d   Thumb Code     2  startup_stm32f10x_hd.o(.text)
    HardFault_Handler                        0x0800021f   Thumb Code     2  startup_stm32f10x_hd.o(.text)
    MemManage_Handler                        0x08000221   Thumb Code     2  startup_stm32f10x_hd.o(.text)
    BusFault_Handler                         0x08000223   Thumb Code     2  startup_stm32f10x_hd.o(.text)
    UsageFault_Handler                       0x08000225   Thumb Code     2  startup_stm32f10x_hd.o(.text)
    SVC_Handler                              0x08000227   Thumb Code     2  startup_stm32f10x_hd.o(.text)
    DebugMon_Handler                         0x08000229   Thumb Code     2  startup_stm32f10x_hd.o(.text)
    PendSV_Handler                           0x0800022b   Thumb Code     2  startup_stm32f10x_hd.o(.text)
    SysTick_Handler                          0x0800022d   Thumb Code     2  startup_stm32f10x_hd.o(.text)
    ADC1_2_IRQHandler                        0x0800022f   Thumb Code     0  startup_stm32f10x_hd.o(.text)
    ADC3_IRQHandler                          0x0800022f   Thumb Code     0  startup_stm32f10x_hd.o(.text)
    CAN1_RX1_IRQHandler                      0x0800022f   Thumb Code     0  startup_stm32f10x_hd.o(.text)
    CAN1_SCE_IRQHandler                      0x0800022f   Thumb Code     0  startup_stm32f10x_hd.o(.text)
    DMA1_Channel1_IRQHandler                 0x0800022f   Thumb Code     0  startup_stm32f10x_hd.o(.text)
    DMA1_Channel2_IRQHandler                 0x0800022f   Thumb Code     0  startup_stm32f10x_hd.o(.text)
    DMA1_Channel3_IRQHandler                 0x0800022f   Thumb Code     0  startup_stm32f10x_hd.o(.text)
    DMA1_Channel4_IRQHandler                 0x0800022f   Thumb Code     0  startup_stm32f10x_hd.o(.text)
    DMA1_Channel5_IRQHandler                 0x0800022f   Thumb Code     0  startup_stm32f10x_hd.o(.text)
    DMA1_Channel6_IRQHandler                 0x0800022f   Thumb Code     0  startup_stm32f10x_hd.o(.text)
    DMA1_Channel7_IRQHandler                 0x0800022f   Thumb Code     0  startup_stm32f10x_hd.o(.text)
    DMA2_Channel1_IRQHandler                 0x0800022f   Thumb Code     0  startup_stm32f10x_hd.o(.text)
    DMA2_Channel2_IRQHandler                 0x0800022f   Thumb Code     0  startup_stm32f10x_hd.o(.text)
    DMA2_Channel3_IRQHandler                 0x0800022f   Thumb Code     0  startup_stm32f10x_hd.o(.text)
    DMA2_Channel4_5_IRQHandler               0x0800022f   Thumb Code     0  startup_stm32f10x_hd.o(.text)
    EXTI0_IRQHandler                         0x0800022f   Thumb Code     0  startup_stm32f10x_hd.o(.text)
    EXTI1_IRQHandler                         0x0800022f   Thumb Code     0  startup_stm32f10x_hd.o(.text)
    EXTI2_IRQHandler                         0x0800022f   Thumb Code     0  startup_stm32f10x_hd.o(.text)
    EXTI3_IRQHandler                         0x0800022f   Thumb Code     0  startup_stm32f10x_hd.o(.text)
    EXTI4_IRQHandler                         0x0800022f   Thumb Code     0  startup_stm32f10x_hd.o(.text)
    EXTI9_5_IRQHandler                       0x0800022f   Thumb Code     0  startup_stm32f10x_hd.o(.text)
    FLASH_IRQHandler                         0x0800022f   Thumb Code     0  startup_stm32f10x_hd.o(.text)
    FSMC_IRQHandler                          0x0800022f   Thumb Code     0  startup_stm32f10x_hd.o(.text)
    I2C1_ER_IRQHandler                       0x0800022f   Thumb Code     0  startup_stm32f10x_hd.o(.text)
    I2C1_EV_IRQHandler                       0x0800022f   Thumb Code     0  startup_stm32f10x_hd.o(.text)
    I2C2_ER_IRQHandler                       0x0800022f   Thumb Code     0  startup_stm32f10x_hd.o(.text)
    I2C2_EV_IRQHandler                       0x0800022f   Thumb Code     0  startup_stm32f10x_hd.o(.text)
    PVD_IRQHandler                           0x0800022f   Thumb Code     0  startup_stm32f10x_hd.o(.text)
    RCC_IRQHandler                           0x0800022f   Thumb Code     0  startup_stm32f10x_hd.o(.text)
    RTCAlarm_IRQHandler                      0x0800022f   Thumb Code     0  startup_stm32f10x_hd.o(.text)
    RTC_IRQHandler                           0x0800022f   Thumb Code     0  startup_stm32f10x_hd.o(.text)
    SDIO_IRQHandler                          0x0800022f   Thumb Code     0  startup_stm32f10x_hd.o(.text)
    SPI1_IRQHandler                          0x0800022f   Thumb Code     0  startup_stm32f10x_hd.o(.text)
    SPI2_IRQHandler                          0x0800022f   Thumb Code     0  startup_stm32f10x_hd.o(.text)
    SPI3_IRQHandler                          0x0800022f   Thumb Code     0  startup_stm32f10x_hd.o(.text)
    TAMPER_IRQHandler                        0x0800022f   Thumb Code     0  startup_stm32f10x_hd.o(.text)
    TIM1_BRK_IRQHandler                      0x0800022f   Thumb Code     0  startup_stm32f10x_hd.o(.text)
    TIM1_CC_IRQHandler                       0x0800022f   Thumb Code     0  startup_stm32f10x_hd.o(.text)
    TIM1_TRG_COM_IRQHandler                  0x0800022f   Thumb Code     0  startup_stm32f10x_hd.o(.text)
    TIM1_UP_IRQHandler                       0x0800022f   Thumb Code     0  startup_stm32f10x_hd.o(.text)
    TIM6_IRQHandler                          0x0800022f   Thumb Code     0  startup_stm32f10x_hd.o(.text)
    TIM7_IRQHandler                          0x0800022f   Thumb Code     0  startup_stm32f10x_hd.o(.text)
    TIM8_BRK_IRQHandler                      0x0800022f   Thumb Code     0  startup_stm32f10x_hd.o(.text)
    TIM8_CC_IRQHandler                       0x0800022f   Thumb Code     0  startup_stm32f10x_hd.o(.text)
    TIM8_TRG_COM_IRQHandler                  0x0800022f   Thumb Code     0  startup_stm32f10x_hd.o(.text)
    TIM8_UP_IRQHandler                       0x0800022f   Thumb Code     0  startup_stm32f10x_hd.o(.text)
    UART4_IRQHandler                         0x0800022f   Thumb Code     0  startup_stm32f10x_hd.o(.text)
    UART5_IRQHandler                         0x0800022f   Thumb Code     0  startup_stm32f10x_hd.o(.text)
    USBWakeUp_IRQHandler                     0x0800022f   Thumb Code     0  startup_stm32f10x_hd.o(.text)
    USB_HP_CAN1_TX_IRQHandler                0x0800022f   Thumb Code     0  startup_stm32f10x_hd.o(.text)
    WWDG_IRQHandler                          0x0800022f   Thumb Code     0  startup_stm32f10x_hd.o(.text)
    __user_initial_stackheap                 0x08000231   Thumb Code     0  startup_stm32f10x_hd.o(.text)
    send_data_to_blue                        0x08000251   Thumb Code   326  main.o(.text)
    main                                     0x08000397   Thumb Code   264  main.o(.text)
    Set_Pwm                                  0x0800049f   Thumb Code   196  main.o(.text)
    Abnormal_state_handling                  0x08000563   Thumb Code  1392  main.o(.text)
    velocityD_Control                        0x08000ad3   Thumb Code   230  main.o(.text)
    velocityC_Control                        0x08000bb9   Thumb Code   122  main.o(.text)
    velocityB_Control                        0x08000c33   Thumb Code   122  main.o(.text)
    velocityA_Control                        0x08000cad   Thumb Code   122  main.o(.text)
    Motion_control                           0x08000d27   Thumb Code   908  main.o(.text)
    PS2_Control                              0x080010b3   Thumb Code   726  main.o(.text)
    APP_Control                              0x08001389   Thumb Code   414  main.o(.text)
    Key                                      0x08001527   Thumb Code    74  main.o(.text)
    Usart_rt_data                            0x08001571   Thumb Code   500  main.o(.text)
    EXTI15_10_IRQHandler                     0x08001765   Thumb Code   676  main.o(.text)
    Go_straight                              0x08001a09   Thumb Code   350  main.o(.text)
    delay_init                               0x08001bd9   Thumb Code    56  delay.o(.text)
    delay_us                                 0x08001c11   Thumb Code    56  delay.o(.text)
    delay_ms                                 0x08001c49   Thumb Code    56  delay.o(.text)
    MY_NVIC_SetVectorTable                   0x08001c89   Thumb Code    12  sys.o(.text)
    MY_NVIC_PriorityGroupConfig              0x08001c95   Thumb Code    36  sys.o(.text)
    MY_NVIC_Init                             0x08001cb9   Thumb Code   116  sys.o(.text)
    Ex_NVIC_Config                           0x08001d2d   Thumb Code   146  sys.o(.text)
    MYRCC_DeInit                             0x08001dbf   Thumb Code    90  sys.o(.text)
    Sys_Standby                              0x08001e19   Thumb Code    68  sys.o(.text)
    Sys_Soft_Reset                           0x08001e5d   Thumb Code    12  sys.o(.text)
    JTAG_Set                                 0x08001e69   Thumb Code    42  sys.o(.text)
    Stm32_Clock_Init                         0x08001e93   Thumb Code   134  sys.o(.text)
    _sys_exit                                0x08001f45   Thumb Code     8  usart.o(.text)
    fputc                                    0x08001f4d   Thumb Code    24  usart.o(.text)
    usart1_send                              0x08001f65   Thumb Code    22  usart.o(.text)
    usart1_init                              0x08001f7b   Thumb Code   230  usart.o(.text)
    USART1_IRQHandler                        0x08002061   Thumb Code   286  usart.o(.text)
    usart1_sent                              0x0800217f   Thumb Code    88  usart.o(.text)
    Send_data_ROS                            0x080021d7   Thumb Code    72  usart.o(.text)
    b2f                                      0x0800221f   Thumb Code   496  usart.o(.text)
    usart2_send                              0x0800240f   Thumb Code    22  usart.o(.text)
    usart2_init                              0x08002425   Thumb Code   214  usart.o(.text)
    LANYAO_APP                               0x080024fb   Thumb Code   200  usart.o(.text)
    USART2_IRQHandler                        0x080025c3   Thumb Code  1448  usart.o(.text)
    usart3_init                              0x08002b6b   Thumb Code   326  usart.o(.text)
    USART3_IRQHandler                        0x08002cb1   Thumb Code    24  usart.o(.text)
    Adc_Init                                 0x08002ccd   Thumb Code   278  adc.o(.text)
    Get_Adc                                  0x08002de3   Thumb Code    68  adc.o(.text)
    Get_battery_voltage                      0x08002e27   Thumb Code    90  adc.o(.text)
    mpu_reg_dump                             0x08002f2f   Thumb Code    72  inv_mpu.o(.text)
    mpu_read_reg                             0x08002f77   Thumb Code    66  inv_mpu.o(.text)
    mpu_set_int_latched                      0x08002fb9   Thumb Code   102  inv_mpu.o(.text)
    mpu_set_sensors                          0x0800301f   Thumb Code   202  inv_mpu.o(.text)
    mpu_set_bypass                           0x080030e9   Thumb Code   328  inv_mpu.o(.text)
    mpu_reset_fifo                           0x08003231   Thumb Code   444  inv_mpu.o(.text)
    mpu_configure_fifo                       0x080033ed   Thumb Code   106  inv_mpu.o(.text)
    mpu_set_lpf                              0x08003457   Thumb Code   126  inv_mpu.o(.text)
    mpu_lp_accel_mode                        0x080034d5   Thumb Code   218  inv_mpu.o(.text)
    mpu_set_sample_rate                      0x080035af   Thumb Code   152  inv_mpu.o(.text)
    mpu_set_accel_fsr                        0x08003647   Thumb Code   132  inv_mpu.o(.text)
    mpu_set_gyro_fsr                         0x080036cb   Thumb Code   132  inv_mpu.o(.text)
    mpu_init                                 0x0800374f   Thumb Code   416  inv_mpu.o(.text)
    myget_ms                                 0x080038ef   Thumb Code     2  inv_mpu.o(.text)
    mpu_get_gyro_reg                         0x080038f1   Thumb Code   110  inv_mpu.o(.text)
    mpu_get_accel_reg                        0x0800395f   Thumb Code   110  inv_mpu.o(.text)
    mpu_get_temperature                      0x080039cd   Thumb Code   150  inv_mpu.o(.text)
    mpu_set_accel_bias                       0x08003a63   Thumb Code   468  inv_mpu.o(.text)
    mpu_get_gyro_fsr                         0x08003c37   Thumb Code    64  inv_mpu.o(.text)
    mpu_get_accel_fsr                        0x08003c77   Thumb Code    72  inv_mpu.o(.text)
    mpu_get_lpf                              0x08003cbf   Thumb Code    74  inv_mpu.o(.text)
    mpu_get_sample_rate                      0x08003d09   Thumb Code    26  inv_mpu.o(.text)
    mpu_get_compass_sample_rate              0x08003d23   Thumb Code    10  inv_mpu.o(.text)
    mpu_set_compass_sample_rate              0x08003d2d   Thumb Code     8  inv_mpu.o(.text)
    mpu_get_gyro_sens                        0x08003d35   Thumb Code    58  inv_mpu.o(.text)
    mpu_get_accel_sens                       0x08003d6f   Thumb Code    78  inv_mpu.o(.text)
    mpu_get_fifo_config                      0x08003dbd   Thumb Code    12  inv_mpu.o(.text)
    mpu_get_power_state                      0x08003dc9   Thumb Code    22  inv_mpu.o(.text)
    mpu_get_int_status                       0x08003ddf   Thumb Code    64  inv_mpu.o(.text)
    mpu_read_fifo                            0x08003e1f   Thumb Code   520  inv_mpu.o(.text)
    mpu_read_fifo_stream                     0x08004027   Thumb Code   186  inv_mpu.o(.text)
    mpu_set_int_level                        0x080040e1   Thumb Code    12  inv_mpu.o(.text)
    mpu_set_dmp_state                        0x080047c1   Thumb Code   138  inv_mpu.o(.text)
    mpu_run_self_test                        0x0800484b   Thumb Code   278  inv_mpu.o(.text)
    mpu_write_mem                            0x08004961   Thumb Code   122  inv_mpu.o(.text)
    mpu_read_mem                             0x080049db   Thumb Code   122  inv_mpu.o(.text)
    mpu_load_firmware                        0x08004a55   Thumb Code   190  inv_mpu.o(.text)
    mpu_get_dmp_state                        0x08004b13   Thumb Code    14  inv_mpu.o(.text)
    mpu_get_compass_reg                      0x08004b21   Thumb Code     8  inv_mpu.o(.text)
    mpu_get_compass_fsr                      0x08004b29   Thumb Code     8  inv_mpu.o(.text)
    mpu_lp_motion_interrupt                  0x08004b31   Thumb Code   512  inv_mpu.o(.text)
    dmp_load_motion_driver_firmware          0x08004d35   Thumb Code    20  inv_mpu_dmp_motion_driver.o(.text)
    dmp_set_orientation                      0x08004d49   Thumb Code   290  inv_mpu_dmp_motion_driver.o(.text)
    dmp_set_gyro_bias                        0x08004e6b   Thumb Code   294  inv_mpu_dmp_motion_driver.o(.text)
    dmp_set_accel_bias                       0x08004f91   Thumb Code   308  inv_mpu_dmp_motion_driver.o(.text)
    dmp_set_fifo_rate                        0x080050c5   Thumb Code   136  inv_mpu_dmp_motion_driver.o(.text)
    dmp_get_fifo_rate                        0x0800514d   Thumb Code    12  inv_mpu_dmp_motion_driver.o(.text)
    dmp_set_tap_thresh                       0x08005159   Thumb Code   396  inv_mpu_dmp_motion_driver.o(.text)
    dmp_set_tap_axes                         0x080052e5   Thumb Code    70  inv_mpu_dmp_motion_driver.o(.text)
    dmp_set_tap_count                        0x0800532b   Thumb Code    38  inv_mpu_dmp_motion_driver.o(.text)
    dmp_set_tap_time                         0x08005351   Thumb Code    38  inv_mpu_dmp_motion_driver.o(.text)
    dmp_set_tap_time_multi                   0x08005377   Thumb Code    38  inv_mpu_dmp_motion_driver.o(.text)
    dmp_set_shake_reject_thresh              0x0800539d   Thumb Code    56  inv_mpu_dmp_motion_driver.o(.text)
    dmp_set_shake_reject_time                0x080053d5   Thumb Code    38  inv_mpu_dmp_motion_driver.o(.text)
    dmp_set_shake_reject_timeout             0x080053fb   Thumb Code    38  inv_mpu_dmp_motion_driver.o(.text)
    dmp_get_pedometer_step_count             0x08005421   Thumb Code    66  inv_mpu_dmp_motion_driver.o(.text)
    dmp_set_pedometer_step_count             0x08005463   Thumb Code    42  inv_mpu_dmp_motion_driver.o(.text)
    dmp_get_pedometer_walk_time              0x0800548d   Thumb Code    72  inv_mpu_dmp_motion_driver.o(.text)
    dmp_set_pedometer_walk_time              0x080054d5   Thumb Code    48  inv_mpu_dmp_motion_driver.o(.text)
    dmp_enable_6x_lp_quat                    0x08005505   Thumb Code    84  inv_mpu_dmp_motion_driver.o(.text)
    dmp_enable_lp_quat                       0x08005559   Thumb Code    60  inv_mpu_dmp_motion_driver.o(.text)
    dmp_enable_gyro_cal                      0x08005595   Thumb Code    62  inv_mpu_dmp_motion_driver.o(.text)
    dmp_enable_feature                       0x080055d3   Thumb Code   530  inv_mpu_dmp_motion_driver.o(.text)
    dmp_get_enabled_features                 0x080057e5   Thumb Code    12  inv_mpu_dmp_motion_driver.o(.text)
    dmp_set_interrupt_mode                   0x0800584f   Thumb Code    66  inv_mpu_dmp_motion_driver.o(.text)
    dmp_read_fifo                            0x08005891   Thumb Code   514  inv_mpu_dmp_motion_driver.o(.text)
    dmp_register_tap_cb                      0x08005a93   Thumb Code    10  inv_mpu_dmp_motion_driver.o(.text)
    dmp_register_android_orient_cb           0x08005a9d   Thumb Code    10  inv_mpu_dmp_motion_driver.o(.text)
    Encoder_Init_TIM2                        0x08005aad   Thumb Code   224  encoder.o(.text)
    Encoder_Init_TIM3                        0x08005b8d   Thumb Code   212  encoder.o(.text)
    Encoder_Init_TIM4                        0x08005c61   Thumb Code   208  encoder.o(.text)
    Encoder_Init_TIM5                        0x08005d31   Thumb Code   212  encoder.o(.text)
    Read_Encoder                             0x08005e05   Thumb Code   100  encoder.o(.text)
    TIM2_IRQHandler                          0x08005e69   Thumb Code    24  encoder.o(.text)
    TIM3_IRQHandler                          0x08005e81   Thumb Code    52  encoder.o(.text)
    TIM4_IRQHandler                          0x08005eb5   Thumb Code    18  encoder.o(.text)
    TIM5_IRQHandler                          0x08005ec7   Thumb Code    18  encoder.o(.text)
    EXTI_Init                                0x08005ee1   Thumb Code    76  exti.o(.text)
    IIC_Init                                 0x08005f35   Thumb Code    36  ioi2c.o(.text)
    IIC_Start                                0x08005f59   Thumb Code    92  ioi2c.o(.text)
    IIC_Stop                                 0x08005fb5   Thumb Code    64  ioi2c.o(.text)
    IIC_Wait_Ack                             0x08005ff5   Thumb Code    92  ioi2c.o(.text)
    IIC_Ack                                  0x08006051   Thumb Code    68  ioi2c.o(.text)
    IIC_NAck                                 0x08006095   Thumb Code    66  ioi2c.o(.text)
    IIC_Send_Byte                            0x080060d7   Thumb Code    90  ioi2c.o(.text)
    i2cWrite                                 0x08006131   Thumb Code    96  ioi2c.o(.text)
    IIC_Read_Byte                            0x08006191   Thumb Code   100  ioi2c.o(.text)
    i2cRead                                  0x080061f5   Thumb Code   118  ioi2c.o(.text)
    I2C_ReadOneByte                          0x0800626b   Thumb Code    70  ioi2c.o(.text)
    IICreadBytes                             0x080062b1   Thumb Code   116  ioi2c.o(.text)
    IICwriteBytes                            0x08006325   Thumb Code    70  ioi2c.o(.text)
    IICreadByte                              0x0800636b   Thumb Code    22  ioi2c.o(.text)
    IICwriteByte                             0x08006381   Thumb Code    20  ioi2c.o(.text)
    IICwriteBits                             0x08006395   Thumb Code   106  ioi2c.o(.text)
    IICwriteBit                              0x080063ff   Thumb Code    64  ioi2c.o(.text)
    KEY_Init                                 0x08006441   Thumb Code   102  key.o(.text)
    click_N_Double                           0x080064a7   Thumb Code   184  key.o(.text)
    click                                    0x0800655f   Thumb Code    38  key.o(.text)
    Long_Press                               0x08006585   Thumb Code    72  key.o(.text)
    LED_Init                                 0x080065fd   Thumb Code    52  led.o(.text)
    Led_Flash                                0x08006631   Thumb Code    78  led.o(.text)
    Motor_PWM_Init                           0x08006699   Thumb Code   424  motor.o(.text)
    Steering_engine_PWM_Init                 0x08006841   Thumb Code   184  motor.o(.text)
    MPU6050_newValues                        0x08006a33   Thumb Code   494  mpu6050.o(.text)
    MPU6050_setClockSource                   0x08006c21   Thumb Code    20  mpu6050.o(.text)
    MPU6050_setFullScaleGyroRange            0x08006c35   Thumb Code    20  mpu6050.o(.text)
    MPU6050_setFullScaleAccelRange           0x08006c49   Thumb Code    20  mpu6050.o(.text)
    MPU6050_setSleepEnabled                  0x08006c5d   Thumb Code    18  mpu6050.o(.text)
    MPU6050_getDeviceID                      0x08006c6f   Thumb Code    20  mpu6050.o(.text)
    MPU6050_testConnection                   0x08006c83   Thumb Code    18  mpu6050.o(.text)
    MPU6050_setI2CMasterModeEnabled          0x08006c95   Thumb Code    18  mpu6050.o(.text)
    MPU6050_setI2CBypassEnabled              0x08006ca7   Thumb Code    18  mpu6050.o(.text)
    MPU6050_initialize                       0x08006cb9   Thumb Code    40  mpu6050.o(.text)
    DMP_Init                                 0x08006ce1   Thumb Code   122  mpu6050.o(.text)
    Read_DMP                                 0x08006d5b   Thumb Code   736  mpu6050.o(.text)
    Read_Temperature                         0x0800703b   Thumb Code   228  mpu6050.o(.text)
    OLED_WR_Byte                             0x08007131   Thumb Code    84  oled.o(.text)
    OLED_Refresh_Gram                        0x08007185   Thumb Code    70  oled.o(.text)
    OLED_DrawPoint                           0x080071cb   Thumb Code   100  oled.o(.text)
    OLED_ShowChar                            0x0800722f   Thumb Code   158  oled.o(.text)
    oled_pow                                 0x080072cd   Thumb Code    22  oled.o(.text)
    OLED_ShowNumber                          0x080072e3   Thumb Code   148  oled.o(.text)
    OLED_Clear                               0x08007377   Thumb Code    42  oled.o(.text)
    OLED_ShowString                          0x080073a1   Thumb Code    68  oled.o(.text)
    oled_show                                0x080073e5   Thumb Code  1164  oled.o(.text)
    OLED_Display_On                          0x08007871   Thumb Code    28  oled.o(.text)
    OLED_Display_Off                         0x0800788d   Thumb Code    28  oled.o(.text)
    OLED_Init                                0x080078a9   Thumb Code   410  oled.o(.text)
    PS2_Cmd                                  0x08007a45   Thumb Code   134  pstwo.o(.text)
    PS2_RedLight                             0x08007acb   Thumb Code    50  pstwo.o(.text)
    PS2_ReadData                             0x08007afd   Thumb Code   172  pstwo.o(.text)
    PS2_ClearData                            0x08007ba9   Thumb Code    20  pstwo.o(.text)
    PS2_DataKey                              0x08007bbd   Thumb Code    70  pstwo.o(.text)
    PS2_AnologData                           0x08007c03   Thumb Code     8  pstwo.o(.text)
    PS2_Vibration                            0x08007c0b   Thumb Code   102  pstwo.o(.text)
    PS2_ShortPoll                            0x08007c71   Thumb Code    62  pstwo.o(.text)
    PS2_EnterConfing                         0x08007caf   Thumb Code    98  pstwo.o(.text)
    PS2_TurnOnAnalogMode                     0x08007d11   Thumb Code    86  pstwo.o(.text)
    PS2_VibrationMode                        0x08007d67   Thumb Code    74  pstwo.o(.text)
    PS2_ExitConfing                          0x08007db1   Thumb Code    98  pstwo.o(.text)
    PS2_Init                                 0x08007e13   Thumb Code   142  pstwo.o(.text)
    PS2_SetInit                              0x08007ea1   Thumb Code    28  pstwo.o(.text)
    Dma_Init                                 0x08007ec5   Thumb Code   144  dma.o(.text)
    Dma_Enable                               0x08007f55   Thumb Code    12  dma.o(.text)
    Dma_Disenable                            0x08007f61   Thumb Code    10  dma.o(.text)
    CAN1_Mode_Init                           0x08007f71   Thumb Code   470  can.o(.text)
    CAN1_Tx_Msg                              0x08008147   Thumb Code   296  can.o(.text)
    CAN1_Tx_Staus                            0x0800826f   Thumb Code   144  can.o(.text)
    CAN1_Msg_Pend                            0x080082ff   Thumb Code    36  can.o(.text)
    CAN1_Rx_Msg                              0x08008323   Thumb Code   248  can.o(.text)
    CAN1_Send_Msg                            0x0800841b   Thumb Code    66  can.o(.text)
    CAN1_Receive_Msg                         0x0800845d   Thumb Code    66  can.o(.text)
    CAN1_Send_MsgTEST                        0x0800849f   Thumb Code    66  can.o(.text)
    CAN1_Send_Num                            0x080084e1   Thumb Code    64  can.o(.text)
    CAN1_SEND                                0x08008521   Thumb Code    16  can.o(.text)
    USB_LP_CAN1_RX0_IRQHandler               0x08008531   Thumb Code    28  can.o(.text)
    __use_no_semihosting                     0x08008559   Thumb Code     2  use_no_semi_2.o(.text)
    __aeabi_ldivmod                          0x0800855b   Thumb Code     0  llsdiv.o(.text)
    _ll_sdiv                                 0x0800855b   Thumb Code    72  llsdiv.o(.text)
    __2printf                                0x080085a5   Thumb Code    20  noretval__2printf.o(.text)
    _printf_int_dec                          0x080085bd   Thumb Code   104  _printf_dec.o(.text)
    __printf                                 0x08008635   Thumb Code   270  __printf_wp.o(.text)
    memcmp                                   0x08008743   Thumb Code    88  memcmp.o(.text)
    __aeabi_memset                           0x0800879b   Thumb Code    16  aeabi_memset.o(.text)
    __aeabi_memclr4                          0x080087ab   Thumb Code     0  rt_memclr_w.o(.text)
    __aeabi_memclr8                          0x080087ab   Thumb Code     0  rt_memclr_w.o(.text)
    __rt_memclr_w                            0x080087ab   Thumb Code    78  rt_memclr_w.o(.text)
    _memset_w                                0x080087af   Thumb Code     0  rt_memclr_w.o(.text)
    __use_two_region_memory                  0x080087f9   Thumb Code     2  heapauxi.o(.text)
    __rt_heap_escrow$2region                 0x080087fb   Thumb Code     2  heapauxi.o(.text)
    __rt_heap_expand$2region                 0x080087fd   Thumb Code     2  heapauxi.o(.text)
    __I$use$semihosting                      0x080087ff   Thumb Code     0  use_no_semi.o(.text)
    __use_no_semihosting_swi                 0x080087ff   Thumb Code     2  use_no_semi.o(.text)
    __aeabi_uldivmod                         0x08008801   Thumb Code     0  lludivv7m.o(.text)
    _ll_udiv                                 0x08008801   Thumb Code   238  lludivv7m.o(.text)
    __read_errno                             0x080088ef   Thumb Code    10  _rserrno.o(.text)
    __set_errno                              0x080088f9   Thumb Code    12  _rserrno.o(.text)
    _printf_int_common                       0x08008905   Thumb Code   178  _printf_intcommon.o(.text)
    __lib_sel_fp_printf                      0x080089b7   Thumb Code     2  _printf_fp_dec.o(.text)
    _printf_fp_dec_real                      0x08008b69   Thumb Code   620  _printf_fp_dec.o(.text)
    _printf_char_file                        0x08008dd5   Thumb Code    32  _printf_char_file.o(.text)
    __aeabi_memclr                           0x08008df9   Thumb Code     0  rt_memclr.o(.text)
    __rt_memclr                              0x08008df9   Thumb Code    68  rt_memclr.o(.text)
    _memset                                  0x08008dfd   Thumb Code     0  rt_memclr.o(.text)
    __rt_locale                              0x08008e3d   Thumb Code     8  rt_locale_intlibspace.o(.text)
    __aeabi_errno_addr                       0x08008e45   Thumb Code     8  rt_errno_addr_intlibspace.o(.text)
    __errno$intlibspace                      0x08008e45   Thumb Code     0  rt_errno_addr_intlibspace.o(.text)
    __rt_errno_addr$intlibspace              0x08008e45   Thumb Code     0  rt_errno_addr_intlibspace.o(.text)
    _ll_udiv10                               0x08008e4d   Thumb Code   138  lludiv10.o(.text)
    _printf_char_common                      0x08008ee3   Thumb Code    32  _printf_char_common.o(.text)
    _printf_fp_infnan                        0x08008f09   Thumb Code   112  _printf_fp_infnan.o(.text)
    _btod_etento                             0x08008f89   Thumb Code   224  bigflt0.o(.text)
    ferror                                   0x0800906d   Thumb Code     8  ferror.o(.text)
    __user_libspace                          0x08009075   Thumb Code     8  libspace.o(.text)
    __user_perproc_libspace                  0x08009075   Thumb Code     0  libspace.o(.text)
    __user_perthread_libspace                0x08009075   Thumb Code     0  libspace.o(.text)
    __user_setup_stackheap                   0x0800907d   Thumb Code    74  sys_stackheap_outer.o(.text)
    exit                                     0x080090c7   Thumb Code    18  exit.o(.text)
    strcmp                                   0x080090d9   Thumb Code   128  strcmpv7m.o(.text)
    _btod_d2e                                0x08009159   Thumb Code    62  btod.o(CL$$btod_d2e)
    _d2e_denorm_low                          0x08009197   Thumb Code    70  btod.o(CL$$btod_d2e_denorm_low)
    _d2e_norm_op1                            0x080091dd   Thumb Code    96  btod.o(CL$$btod_d2e_norm_op1)
    __btod_div_common                        0x0800923d   Thumb Code   696  btod.o(CL$$btod_div_common)
    _e2e                                     0x08009575   Thumb Code   220  btod.o(CL$$btod_e2e)
    _btod_ediv                               0x08009651   Thumb Code    42  btod.o(CL$$btod_ediv)
    _btod_emul                               0x0800967b   Thumb Code    42  btod.o(CL$$btod_emul)
    __btod_mult_common                       0x080096a5   Thumb Code   580  btod.o(CL$$btod_mult_common)
    __ARM_fpclassify                         0x080098e9   Thumb Code    40  fpclassify.o(i.__ARM_fpclassify)
    __kernel_poly                            0x08009911   Thumb Code   170  poly.o(i.__kernel_poly)
    __mathlib_dbl_divzero                    0x080099bd   Thumb Code    12  dunder.o(i.__mathlib_dbl_divzero)
    __mathlib_dbl_infnan                     0x080099cd   Thumb Code     6  dunder.o(i.__mathlib_dbl_infnan)
    __mathlib_dbl_infnan2                    0x080099d3   Thumb Code     4  dunder.o(i.__mathlib_dbl_infnan2)
    __mathlib_dbl_invalid                    0x080099d7   Thumb Code    12  dunder.o(i.__mathlib_dbl_invalid)
    __mathlib_dbl_overflow                   0x080099e3   Thumb Code    14  dunder.o(i.__mathlib_dbl_overflow)
    __mathlib_dbl_underflow                  0x080099f1   Thumb Code    10  dunder.o(i.__mathlib_dbl_underflow)
    _is_digit                                0x08009a01   Thumb Code    14  __printf_wp.o(i._is_digit)
    asin                                     0x08009a11   Thumb Code   572  asin.o(i.asin)
    atan                                     0x08009c81   Thumb Code   474  atan.o(i.atan)
    atan2                                    0x08009ea1   Thumb Code   346  atan2.o(i.atan2)
    pow                                      0x0800a021   Thumb Code  2512  pow.o(i.pow)
    sqrt                                     0x0800a9f9   Thumb Code    76  sqrt.o(i.sqrt)
    _get_lc_numeric                          0x0800aa45   Thumb Code    44  lc_numeric_c.o(locale$$code)
    __aeabi_d2f                              0x0800aa71   Thumb Code     0  d2f.o(x$fpl$d2f)
    _d2f                                     0x0800aa71   Thumb Code    98  d2f.o(x$fpl$d2f)
    __aeabi_dadd                             0x0800aad5   Thumb Code     0  daddsub_clz.o(x$fpl$dadd)
    _dadd                                    0x0800aad5   Thumb Code   332  daddsub_clz.o(x$fpl$dadd)
    __fpl_dcheck_NaN1                        0x0800ac25   Thumb Code    10  dcheck1.o(x$fpl$dcheck1)
    __fpl_dcmp_Inf                           0x0800ac35   Thumb Code    24  dcmpi.o(x$fpl$dcmpinf)
    __aeabi_ddiv                             0x0800ac4d   Thumb Code     0  ddiv.o(x$fpl$ddiv)
    _ddiv                                    0x0800ac4d   Thumb Code   552  ddiv.o(x$fpl$ddiv)
    __aeabi_d2iz                             0x0800aefd   Thumb Code     0  dfix.o(x$fpl$dfix)
    _dfix                                    0x0800aefd   Thumb Code    94  dfix.o(x$fpl$dfix)
    __aeabi_d2uiz                            0x0800af5d   Thumb Code     0  dfixu.o(x$fpl$dfixu)
    _dfixu                                   0x0800af5d   Thumb Code    90  dfixu.o(x$fpl$dfixu)
    __aeabi_i2d                              0x0800afb7   Thumb Code     0  dflt_clz.o(x$fpl$dflt)
    _dflt                                    0x0800afb7   Thumb Code    46  dflt_clz.o(x$fpl$dflt)
    __aeabi_ui2d                             0x0800afe5   Thumb Code     0  dflt_clz.o(x$fpl$dfltu)
    _dfltu                                   0x0800afe5   Thumb Code    38  dflt_clz.o(x$fpl$dfltu)
    __aeabi_cdcmple                          0x0800b00d   Thumb Code     0  dleqf.o(x$fpl$dleqf)
    _dcmple                                  0x0800b00d   Thumb Code   120  dleqf.o(x$fpl$dleqf)
    __fpl_dcmple_InfNaN                      0x0800b06f   Thumb Code     0  dleqf.o(x$fpl$dleqf)
    __aeabi_dmul                             0x0800b085   Thumb Code     0  dmul.o(x$fpl$dmul)
    _dmul                                    0x0800b085   Thumb Code   332  dmul.o(x$fpl$dmul)
    __fpl_dnaninf                            0x0800b1d9   Thumb Code   156  dnaninf.o(x$fpl$dnaninf)
    __fpl_dretinf                            0x0800b275   Thumb Code    12  dretinf.o(x$fpl$dretinf)
    __aeabi_cdrcmple                         0x0800b281   Thumb Code     0  drleqf.o(x$fpl$drleqf)
    _drcmple                                 0x0800b281   Thumb Code   108  drleqf.o(x$fpl$drleqf)
    __aeabi_drsub                            0x0800b2ed   Thumb Code     0  daddsub_clz.o(x$fpl$drsb)
    _drsb                                    0x0800b2ed   Thumb Code    22  daddsub_clz.o(x$fpl$drsb)
    _dsqrt                                   0x0800b305   Thumb Code   456  dsqrt_noumaal.o(x$fpl$dsqrt)
    __aeabi_dsub                             0x0800b4d1   Thumb Code     0  daddsub_clz.o(x$fpl$dsub)
    _dsub                                    0x0800b4d1   Thumb Code   464  daddsub_clz.o(x$fpl$dsub)
    __aeabi_f2d                              0x0800b6a5   Thumb Code     0  f2d.o(x$fpl$f2d)
    _f2d                                     0x0800b6a5   Thumb Code    86  f2d.o(x$fpl$f2d)
    __aeabi_fadd                             0x0800b6fd   Thumb Code     0  faddsub_clz.o(x$fpl$fadd)
    _fadd                                    0x0800b6fd   Thumb Code   196  faddsub_clz.o(x$fpl$fadd)
    __fpl_fcmp_Inf                           0x0800b7c1   Thumb Code    24  fcmpi.o(x$fpl$fcmpinf)
    __aeabi_fdiv                             0x0800b7d9   Thumb Code     0  fdiv.o(x$fpl$fdiv)
    _fdiv                                    0x0800b7d9   Thumb Code   384  fdiv.o(x$fpl$fdiv)
    __aeabi_cfcmpeq                          0x0800b95d   Thumb Code     0  feqf.o(x$fpl$feqf)
    _fcmpeq                                  0x0800b95d   Thumb Code   104  feqf.o(x$fpl$feqf)
    __aeabi_f2iz                             0x0800b9c5   Thumb Code     0  ffix.o(x$fpl$ffix)
    _ffix                                    0x0800b9c5   Thumb Code    54  ffix.o(x$fpl$ffix)
    __aeabi_f2uiz                            0x0800b9fd   Thumb Code     0  ffixu.o(x$fpl$ffixu)
    _ffixu                                   0x0800b9fd   Thumb Code    62  ffixu.o(x$fpl$ffixu)
    __aeabi_i2f                              0x0800ba3d   Thumb Code     0  fflt_clz.o(x$fpl$fflt)
    _fflt                                    0x0800ba3d   Thumb Code    48  fflt_clz.o(x$fpl$fflt)
    __aeabi_ui2f                             0x0800ba6d   Thumb Code     0  fflt_clz.o(x$fpl$ffltu)
    _ffltu                                   0x0800ba6d   Thumb Code    38  fflt_clz.o(x$fpl$ffltu)
    __aeabi_cfcmple                          0x0800ba95   Thumb Code     0  fleqf.o(x$fpl$fleqf)
    _fcmple                                  0x0800ba95   Thumb Code   104  fleqf.o(x$fpl$fleqf)
    __fpl_fcmple_InfNaN                      0x0800bae7   Thumb Code     0  fleqf.o(x$fpl$fleqf)
    __aeabi_fmul                             0x0800bafd   Thumb Code     0  fmul.o(x$fpl$fmul)
    _fmul                                    0x0800bafd   Thumb Code   258  fmul.o(x$fpl$fmul)
    __fpl_fnaninf                            0x0800bbff   Thumb Code   140  fnaninf.o(x$fpl$fnaninf)
    __fpl_fretinf                            0x0800bc8b   Thumb Code    10  fretinf.o(x$fpl$fretinf)
    __aeabi_cfrcmple                         0x0800bc95   Thumb Code     0  frleqf.o(x$fpl$frleqf)
    _frcmple                                 0x0800bc95   Thumb Code    98  frleqf.o(x$fpl$frleqf)
    __aeabi_frsub                            0x0800bcf7   Thumb Code     0  faddsub_clz.o(x$fpl$frsb)
    _frsb                                    0x0800bcf7   Thumb Code    20  faddsub_clz.o(x$fpl$frsb)
    __aeabi_fsub                             0x0800bd0d   Thumb Code     0  faddsub_clz.o(x$fpl$fsub)
    _fsub                                    0x0800bd0d   Thumb Code   234  faddsub_clz.o(x$fpl$fsub)
    _printf_fp_dec                           0x0800bdf7   Thumb Code     4  printf1.o(x$fpl$printf1)
    __fpl_return_NaN                         0x0800bdfb   Thumb Code   100  retnan.o(x$fpl$retnan)
    __ARM_scalbn                             0x0800be5f   Thumb Code    92  scalbn.o(x$fpl$scalbn)
    __fpl_cmpreturn                          0x0800bebb   Thumb Code    48  trapv.o(x$fpl$trapveneer)
    __I$use$fp                               0x0800beea   Number         0  usenofp.o(x$fpl$usenofp)
    hw                                       0x0800beec   Data          12  inv_mpu.o(.constdata)
    reg                                      0x0800bef8   Data          27  inv_mpu.o(.constdata)
    test                                     0x0800bf14   Data          40  inv_mpu.o(.constdata)
    oled_asc2_1206                           0x0800cb32   Data        1140  oled.o(.constdata)
    oled_asc2_1608                           0x0800cfa6   Data        1520  oled.o(.constdata)
    __mathlib_zero                           0x0800d708   Data           8  qnan.o(.constdata)
    Region$$Table$$Base                      0x0800d7f4   Number         0  anon$$obj.o(Region$$Table)
    Region$$Table$$Limit                     0x0800d814   Number         0  anon$$obj.o(Region$$Table)
    Start_Flag                               0x20000000   Data           1  main.o(.data)
    Start_Flag_one                           0x20000001   Data           1  main.o(.data)
    Start_Flag_STOP                          0x20000002   Data           1  main.o(.data)
    show_flag                                0x20000003   Data           1  main.o(.data)
    delay_30                                 0x20000004   Data           1  main.o(.data)
    delay_flag                               0x20000005   Data           1  main.o(.data)
    flag_move                                0x20000006   Data           1  main.o(.data)
    flag_action                              0x20000007   Data           1  main.o(.data)
    PS2_KEY                                  0x20000008   Data           1  main.o(.data)
    PS2_LX                                   0x20000009   Data           1  main.o(.data)
    PS2_LY                                   0x2000000a   Data           1  main.o(.data)
    PS2_RX                                   0x2000000b   Data           1  main.o(.data)
    PS2_RY                                   0x2000000c   Data           1  main.o(.data)
    Flag_Z1                                  0x2000000e   Data           2  main.o(.data)
    Flag_Z2                                  0x20000010   Data           2  main.o(.data)
    Flag_Z3                                  0x20000012   Data           2  main.o(.data)
    FLAG_USART_ON                            0x20000014   Data           2  main.o(.data)
    Count_stop                               0x20000016   Data           2  main.o(.data)
    Voltage                                  0x20000018   Data           4  main.o(.data)
    count_size                               0x2000001c   Data           4  main.o(.data)
    count_sum                                0x20000020   Data           4  main.o(.data)
    Motor_A                                  0x20000024   Data           4  main.o(.data)
    Motor_B                                  0x20000028   Data           4  main.o(.data)
    Motor_C                                  0x2000002c   Data           4  main.o(.data)
    Motor_D                                  0x20000030   Data           4  main.o(.data)
    Last_Motor_A                             0x20000034   Data           4  main.o(.data)
    Last_Motor_B                             0x20000038   Data           4  main.o(.data)
    Last_Motor_C                             0x2000003c   Data           4  main.o(.data)
    Last_Motor_D                             0x20000040   Data           4  main.o(.data)
    Velocity_center                          0x20000044   Data           4  main.o(.data)
    Velocity_target_A                        0x20000048   Data           4  main.o(.data)
    Velocity_target_B                        0x2000004c   Data           4  main.o(.data)
    Velocity_target_C                        0x20000050   Data           4  main.o(.data)
    Velocity_target_D                        0x20000054   Data           4  main.o(.data)
    Encoder_A                                0x20000058   Data           4  main.o(.data)
    Encoder_B                                0x2000005c   Data           4  main.o(.data)
    Encoder_C                                0x20000060   Data           4  main.o(.data)
    Encoder_D                                0x20000064   Data           4  main.o(.data)
    Roll                                     0x20000068   Data           4  main.o(.data)
    Pitch                                    0x2000006c   Data           4  main.o(.data)
    Yaw                                      0x20000070   Data           4  main.o(.data)
    gyro_Roll                                0x20000074   Data           4  main.o(.data)
    gyro_Pitch                               0x20000078   Data           4  main.o(.data)
    gyro_Yaw                                 0x2000007c   Data           4  main.o(.data)
    accel_x                                  0x20000080   Data           4  main.o(.data)
    accel_y                                  0x20000084   Data           4  main.o(.data)
    accel_z                                  0x20000088   Data           4  main.o(.data)
    Velocity_A                               0x2000008c   Data           4  main.o(.data)
    Velocity_B                               0x20000090   Data           4  main.o(.data)
    Velocity_C                               0x20000094   Data           4  main.o(.data)
    Velocity_D                               0x20000098   Data           4  main.o(.data)
    Yaw_target                               0x2000009c   Data           4  main.o(.data)
    line_KP                                  0x200000a0   Data           4  main.o(.data)
    line_KD                                  0x200000a4   Data           4  main.o(.data)
    Velocity_B_KP                            0x200000a8   Data           4  main.o(.data)
    Velocity_B_KI                            0x200000ac   Data           4  main.o(.data)
    __stdout                                 0x200000fc   Data           4  usart.o(.data)
    i_u                                      0x20000100   Data           1  usart.o(.data)
    FLAG_USART                               0x20000101   Data           1  usart.o(.data)
    count_ros                                0x20000104   Data           4  usart.o(.data)
    break_count                              0x20000108   Data           4  usart.o(.data)
    Usart2_Receive                           0x2000010c   Data           4  usart.o(.data)
    flag_mode_app                            0x20000110   Data           1  usart.o(.data)
    anjian_app                               0x20000114   Data           4  usart.o(.data)
    huakuai_app                              0x20000118   Data           4  usart.o(.data)
    yaogan_app                               0x2000011c   Data           4  usart.o(.data)
    len_1                                    0x20000120   Data           1  usart.o(.data)
    len_2                                    0x20000121   Data           1  usart.o(.data)
    len_3                                    0x20000122   Data           1  usart.o(.data)
    len_4                                    0x20000123   Data           1  usart.o(.data)
    len_5                                    0x20000124   Data           1  usart.o(.data)
    len_6                                    0x20000125   Data           1  usart.o(.data)
    data                                     0x20000128   Data           4  usart.o(.data)
    gyro                                     0x20000174   Data           6  mpu6050.o(.data)
    accel                                    0x2000017a   Data           6  mpu6050.o(.data)
    sensors                                  0x20000180   Data           2  mpu6050.o(.data)
    q0                                       0x20000184   Data           4  mpu6050.o(.data)
    q1                                       0x20000188   Data           4  mpu6050.o(.data)
    q2                                       0x2000018c   Data           4  mpu6050.o(.data)
    q3                                       0x20000190   Data           4  mpu6050.o(.data)
    Gx_offset                                0x2000019e   Data           2  mpu6050.o(.data)
    Gy_offset                                0x200001a0   Data           2  mpu6050.o(.data)
    Gz_offset                                0x200001a2   Data           2  mpu6050.o(.data)
    Handkey                                  0x200001b4   Data           2  pstwo.o(.data)
    Comd                                     0x200001b6   Data           2  pstwo.o(.data)
    MASK                                     0x200001b8   Data          32  pstwo.o(.data)
    txbuf                                    0x200001d8   Data           8  can.o(.data)
    rxbuf                                    0x200001e0   Data           8  can.o(.data)
    FLAG_CAN                                 0x200001e8   Data           1  can.o(.data)
    USART1_data                              0x200001ec   Data          55  usart.o(.bss)
    data_u                                   0x20000224   Data          60  usart.o(.bss)
    send_buf                                 0x20000260   Data          66  usart.o(.bss)
    data_app                                 0x200002a4   Data         200  usart.o(.bss)
    buffer                                   0x200003a4   Data          14  mpu6050.o(.bss)
    MPU6050_FIFO                             0x200003b2   Data         132  mpu6050.o(.bss)
    OLED_GRAM                                0x20000436   Data        1024  oled.o(.bss)
    Data                                     0x20000836   Data           9  pstwo.o(.bss)
    __libspace_start                         0x20000840   Data          96  libspace.o(.bss)
    __temporary_stack_top$libspace           0x200008a0   Data           0  libspace.o(.bss)



==============================================================================

Memory Map of the image

  Image Entry point : 0x08000131

  Load Region LR_IROM1 (Base: 0x08000000, Size: 0x0000da1c, Max: 0x00040000, ABSOLUTE, COMPRESSED[0x0000d88c])

    Execution Region ER_IROM1 (Exec base: 0x08000000, Load base: 0x08000000, Size: 0x0000d830, Max: 0x00040000, ABSOLUTE)

    Exec Addr    Load Addr    Size         Type   Attr      Idx    E Section Name        Object

    0x08000000   0x08000000   0x00000130   Data   RO            3    RESET               startup_stm32f10x_hd.o
    0x08000130   0x08000130   0x00000008   Code   RO          441  * !!!main             c_w.l(__main.o)
    0x08000138   0x08000138   0x00000034   Code   RO          831    !!!scatter          c_w.l(__scatter.o)
    0x0800016c   0x0800016c   0x0000003a   Code   RO          829    !!dczerorl          c_w.l(__dczerorl.o)
    0x080001a6   0x080001a6   0x00000002   PAD
    0x080001a8   0x080001a8   0x0000001c   Code   RO          833    !!handler_zi        c_w.l(__scatter_zi.o)
    0x080001c4   0x080001c4   0x00000000   Code   RO          432    .ARM.Collect$$_printf_percent$$00000000  c_w.l(_printf_percent.o)
    0x080001c4   0x080001c4   0x00000006   Code   RO          431    .ARM.Collect$$_printf_percent$$00000003  c_w.l(_printf_f.o)
    0x080001ca   0x080001ca   0x00000006   Code   RO          430    .ARM.Collect$$_printf_percent$$00000009  c_w.l(_printf_d.o)
    0x080001d0   0x080001d0   0x00000004   Code   RO          552    .ARM.Collect$$_printf_percent$$00000017  c_w.l(_printf_percent_end.o)
    0x080001d4   0x080001d4   0x00000002   Code   RO          698    .ARM.Collect$$libinit$$00000000  c_w.l(libinit.o)
    0x080001d6   0x080001d6   0x00000000   Code   RO          700    .ARM.Collect$$libinit$$00000002  c_w.l(libinit2.o)
    0x080001d6   0x080001d6   0x00000000   Code   RO          702    .ARM.Collect$$libinit$$00000004  c_w.l(libinit2.o)
    0x080001d6   0x080001d6   0x00000000   Code   RO          705    .ARM.Collect$$libinit$$0000000A  c_w.l(libinit2.o)
    0x080001d6   0x080001d6   0x00000000   Code   RO          707    .ARM.Collect$$libinit$$0000000C  c_w.l(libinit2.o)
    0x080001d6   0x080001d6   0x00000000   Code   RO          709    .ARM.Collect$$libinit$$0000000E  c_w.l(libinit2.o)
    0x080001d6   0x080001d6   0x00000006   Code   RO          710    .ARM.Collect$$libinit$$0000000F  c_w.l(libinit2.o)
    0x080001dc   0x080001dc   0x00000000   Code   RO          712    .ARM.Collect$$libinit$$00000011  c_w.l(libinit2.o)
    0x080001dc   0x080001dc   0x00000000   Code   RO          714    .ARM.Collect$$libinit$$00000013  c_w.l(libinit2.o)
    0x080001dc   0x080001dc   0x00000000   Code   RO          716    .ARM.Collect$$libinit$$00000015  c_w.l(libinit2.o)
    0x080001dc   0x080001dc   0x0000000a   Code   RO          717    .ARM.Collect$$libinit$$00000016  c_w.l(libinit2.o)
    0x080001e6   0x080001e6   0x00000000   Code   RO          718    .ARM.Collect$$libinit$$00000017  c_w.l(libinit2.o)
    0x080001e6   0x080001e6   0x00000000   Code   RO          720    .ARM.Collect$$libinit$$00000019  c_w.l(libinit2.o)
    0x080001e6   0x080001e6   0x00000000   Code   RO          722    .ARM.Collect$$libinit$$0000001B  c_w.l(libinit2.o)
    0x080001e6   0x080001e6   0x00000000   Code   RO          724    .ARM.Collect$$libinit$$0000001D  c_w.l(libinit2.o)
    0x080001e6   0x080001e6   0x00000000   Code   RO          726    .ARM.Collect$$libinit$$0000001F  c_w.l(libinit2.o)
    0x080001e6   0x080001e6   0x00000000   Code   RO          728    .ARM.Collect$$libinit$$00000021  c_w.l(libinit2.o)
    0x080001e6   0x080001e6   0x00000000   Code   RO          730    .ARM.Collect$$libinit$$00000023  c_w.l(libinit2.o)
    0x080001e6   0x080001e6   0x00000000   Code   RO          732    .ARM.Collect$$libinit$$00000025  c_w.l(libinit2.o)
    0x080001e6   0x080001e6   0x00000000   Code   RO          736    .ARM.Collect$$libinit$$0000002C  c_w.l(libinit2.o)
    0x080001e6   0x080001e6   0x00000000   Code   RO          738    .ARM.Collect$$libinit$$0000002E  c_w.l(libinit2.o)
    0x080001e6   0x080001e6   0x00000000   Code   RO          740    .ARM.Collect$$libinit$$00000030  c_w.l(libinit2.o)
    0x080001e6   0x080001e6   0x00000000   Code   RO          742    .ARM.Collect$$libinit$$00000032  c_w.l(libinit2.o)
    0x080001e6   0x080001e6   0x00000002   Code   RO          743    .ARM.Collect$$libinit$$00000033  c_w.l(libinit2.o)
    0x080001e8   0x080001e8   0x00000002   Code   RO          789    .ARM.Collect$$libshutdown$$00000000  c_w.l(libshutdown.o)
    0x080001ea   0x080001ea   0x00000000   Code   RO          798    .ARM.Collect$$libshutdown$$00000002  c_w.l(libshutdown2.o)
    0x080001ea   0x080001ea   0x00000000   Code   RO          800    .ARM.Collect$$libshutdown$$00000004  c_w.l(libshutdown2.o)
    0x080001ea   0x080001ea   0x00000000   Code   RO          803    .ARM.Collect$$libshutdown$$00000007  c_w.l(libshutdown2.o)
    0x080001ea   0x080001ea   0x00000000   Code   RO          806    .ARM.Collect$$libshutdown$$0000000A  c_w.l(libshutdown2.o)
    0x080001ea   0x080001ea   0x00000000   Code   RO          808    .ARM.Collect$$libshutdown$$0000000C  c_w.l(libshutdown2.o)
    0x080001ea   0x080001ea   0x00000000   Code   RO          811    .ARM.Collect$$libshutdown$$0000000F  c_w.l(libshutdown2.o)
    0x080001ea   0x080001ea   0x00000002   Code   RO          812    .ARM.Collect$$libshutdown$$00000010  c_w.l(libshutdown2.o)
    0x080001ec   0x080001ec   0x00000000   Code   RO          541    .ARM.Collect$$rtentry$$00000000  c_w.l(__rtentry.o)
    0x080001ec   0x080001ec   0x00000000   Code   RO          608    .ARM.Collect$$rtentry$$00000002  c_w.l(__rtentry2.o)
    0x080001ec   0x080001ec   0x00000006   Code   RO          620    .ARM.Collect$$rtentry$$00000004  c_w.l(__rtentry4.o)
    0x080001f2   0x080001f2   0x00000000   Code   RO          610    .ARM.Collect$$rtentry$$00000009  c_w.l(__rtentry2.o)
    0x080001f2   0x080001f2   0x00000004   Code   RO          611    .ARM.Collect$$rtentry$$0000000A  c_w.l(__rtentry2.o)
    0x080001f6   0x080001f6   0x00000000   Code   RO          613    .ARM.Collect$$rtentry$$0000000C  c_w.l(__rtentry2.o)
    0x080001f6   0x080001f6   0x00000008   Code   RO          614    .ARM.Collect$$rtentry$$0000000D  c_w.l(__rtentry2.o)
    0x080001fe   0x080001fe   0x00000002   Code   RO          746    .ARM.Collect$$rtexit$$00000000  c_w.l(rtexit.o)
    0x08000200   0x08000200   0x00000000   Code   RO          759    .ARM.Collect$$rtexit$$00000002  c_w.l(rtexit2.o)
    0x08000200   0x08000200   0x00000004   Code   RO          760    .ARM.Collect$$rtexit$$00000003  c_w.l(rtexit2.o)
    0x08000204   0x08000204   0x00000006   Code   RO          761    .ARM.Collect$$rtexit$$00000004  c_w.l(rtexit2.o)
    0x0800020a   0x0800020a   0x00000002   PAD
    0x0800020c   0x0800020c   0x0000000c   Code   RO          132    .emb_text           sys.o
    0x08000218   0x08000218   0x00000038   Code   RO            4    .text               startup_stm32f10x_hd.o
    0x08000250   0x08000250   0x00001988   Code   RO           10    .text               main.o
    0x08001bd8   0x08001bd8   0x000000b0   Code   RO          114    .text               delay.o
    0x08001c88   0x08001c88   0x000002bc   Code   RO          133    .text               sys.o
    0x08001f44   0x08001f44   0x00000d88   Code   RO          148    .text               usart.o
    0x08002ccc   0x08002ccc   0x000001d8   Code   RO          172    .text               adc.o
    0x08002ea4   0x08002ea4   0x00001e90   Code   RO          184    .text               inv_mpu.o
    0x08004d34   0x08004d34   0x00000d78   Code   RO          208    .text               inv_mpu_dmp_motion_driver.o
    0x08005aac   0x08005aac   0x00000434   Code   RO          223    .text               encoder.o
    0x08005ee0   0x08005ee0   0x00000054   Code   RO          235    .text               exti.o
    0x08005f34   0x08005f34   0x0000050a   Code   RO          250    .text               ioi2c.o
    0x0800643e   0x0800643e   0x00000002   PAD
    0x08006440   0x08006440   0x000001bc   Code   RO          262    .text               key.o
    0x080065fc   0x080065fc   0x0000009c   Code   RO          275    .text               led.o
    0x08006698   0x08006698   0x00000294   Code   RO          288    .text               motor.o
    0x0800692c   0x0800692c   0x00000804   Code   RO          300    .text               mpu6050.o
    0x08007130   0x08007130   0x00000912   Code   RO          324    .text               oled.o
    0x08007a42   0x08007a42   0x00000002   PAD
    0x08007a44   0x08007a44   0x00000480   Code   RO          344    .text               pstwo.o
    0x08007ec4   0x08007ec4   0x000000ac   Code   RO          363    .text               dma.o
    0x08007f70   0x08007f70   0x000005e8   Code   RO          375    .text               can.o
    0x08008558   0x08008558   0x00000002   Code   RO          398    .text               c_w.l(use_no_semi_2.o)
    0x0800855a   0x0800855a   0x00000048   Code   RO          400    .text               c_w.l(llsdiv.o)
    0x080085a2   0x080085a2   0x00000002   PAD
    0x080085a4   0x080085a4   0x00000018   Code   RO          404    .text               c_w.l(noretval__2printf.o)
    0x080085bc   0x080085bc   0x00000078   Code   RO          408    .text               c_w.l(_printf_dec.o)
    0x08008634   0x08008634   0x0000010e   Code   RO          418    .text               c_w.l(__printf_wp.o)
    0x08008742   0x08008742   0x00000058   Code   RO          433    .text               c_w.l(memcmp.o)
    0x0800879a   0x0800879a   0x00000010   Code   RO          435    .text               c_w.l(aeabi_memset.o)
    0x080087aa   0x080087aa   0x0000004e   Code   RO          437    .text               c_w.l(rt_memclr_w.o)
    0x080087f8   0x080087f8   0x00000006   Code   RO          439    .text               c_w.l(heapauxi.o)
    0x080087fe   0x080087fe   0x00000002   Code   RO          539    .text               c_w.l(use_no_semi.o)
    0x08008800   0x08008800   0x000000ee   Code   RO          542    .text               c_w.l(lludivv7m.o)
    0x080088ee   0x080088ee   0x00000016   Code   RO          544    .text               c_w.l(_rserrno.o)
    0x08008904   0x08008904   0x000000b2   Code   RO          546    .text               c_w.l(_printf_intcommon.o)
    0x080089b6   0x080089b6   0x0000041e   Code   RO          548    .text               c_w.l(_printf_fp_dec.o)
    0x08008dd4   0x08008dd4   0x00000024   Code   RO          550    .text               c_w.l(_printf_char_file.o)
    0x08008df8   0x08008df8   0x00000044   Code   RO          553    .text               c_w.l(rt_memclr.o)
    0x08008e3c   0x08008e3c   0x00000008   Code   RO          629    .text               c_w.l(rt_locale_intlibspace.o)
    0x08008e44   0x08008e44   0x00000008   Code   RO          634    .text               c_w.l(rt_errno_addr_intlibspace.o)
    0x08008e4c   0x08008e4c   0x0000008a   Code   RO          636    .text               c_w.l(lludiv10.o)
    0x08008ed6   0x08008ed6   0x00000002   PAD
    0x08008ed8   0x08008ed8   0x00000030   Code   RO          638    .text               c_w.l(_printf_char_common.o)
    0x08008f08   0x08008f08   0x00000080   Code   RO          640    .text               c_w.l(_printf_fp_infnan.o)
    0x08008f88   0x08008f88   0x000000e4   Code   RO          642    .text               c_w.l(bigflt0.o)
    0x0800906c   0x0800906c   0x00000008   Code   RO          667    .text               c_w.l(ferror.o)
    0x08009074   0x08009074   0x00000008   Code   RO          680    .text               c_w.l(libspace.o)
    0x0800907c   0x0800907c   0x0000004a   Code   RO          683    .text               c_w.l(sys_stackheap_outer.o)
    0x080090c6   0x080090c6   0x00000012   Code   RO          689    .text               c_w.l(exit.o)
    0x080090d8   0x080090d8   0x00000080   Code   RO          691    .text               c_w.l(strcmpv7m.o)
    0x08009158   0x08009158   0x0000003e   Code   RO          645    CL$$btod_d2e        c_w.l(btod.o)
    0x08009196   0x08009196   0x00000046   Code   RO          647    CL$$btod_d2e_denorm_low  c_w.l(btod.o)
    0x080091dc   0x080091dc   0x00000060   Code   RO          646    CL$$btod_d2e_norm_op1  c_w.l(btod.o)
    0x0800923c   0x0800923c   0x00000338   Code   RO          655    CL$$btod_div_common  c_w.l(btod.o)
    0x08009574   0x08009574   0x000000dc   Code   RO          652    CL$$btod_e2e        c_w.l(btod.o)
    0x08009650   0x08009650   0x0000002a   Code   RO          649    CL$$btod_ediv       c_w.l(btod.o)
    0x0800967a   0x0800967a   0x0000002a   Code   RO          648    CL$$btod_emul       c_w.l(btod.o)
    0x080096a4   0x080096a4   0x00000244   Code   RO          654    CL$$btod_mult_common  c_w.l(btod.o)
    0x080098e8   0x080098e8   0x00000028   Code   RO          594    i.__ARM_fpclassify  m_ws.l(fpclassify.o)
    0x08009910   0x08009910   0x000000aa   Code   RO          596    i.__kernel_poly     m_ws.l(poly.o)
    0x080099ba   0x080099ba   0x00000002   PAD
    0x080099bc   0x080099bc   0x00000010   Code   RO          580    i.__mathlib_dbl_divzero  m_ws.l(dunder.o)
    0x080099cc   0x080099cc   0x00000006   Code   RO          581    i.__mathlib_dbl_infnan  m_ws.l(dunder.o)
    0x080099d2   0x080099d2   0x00000004   Code   RO          582    i.__mathlib_dbl_infnan2  m_ws.l(dunder.o)
    0x080099d6   0x080099d6   0x0000000c   Code   RO          583    i.__mathlib_dbl_invalid  m_ws.l(dunder.o)
    0x080099e2   0x080099e2   0x0000000e   Code   RO          584    i.__mathlib_dbl_overflow  m_ws.l(dunder.o)
    0x080099f0   0x080099f0   0x00000010   Code   RO          586    i.__mathlib_dbl_underflow  m_ws.l(dunder.o)
    0x08009a00   0x08009a00   0x0000000e   Code   RO          420    i._is_digit         c_w.l(__printf_wp.o)
    0x08009a0e   0x08009a0e   0x00000002   PAD
    0x08009a10   0x08009a10   0x00000270   Code   RO          512    i.asin              m_ws.l(asin.o)
    0x08009c80   0x08009c80   0x00000220   Code   RO          571    i.atan              m_ws.l(atan.o)
    0x08009ea0   0x08009ea0   0x00000180   Code   RO          522    i.atan2             m_ws.l(atan2.o)
    0x0800a020   0x0800a020   0x000009d8   Code   RO          530    i.pow               m_ws.l(pow.o)
    0x0800a9f8   0x0800a9f8   0x0000004c   Code   RO          600    i.sqrt              m_ws.l(sqrt.o)
    0x0800aa44   0x0800aa44   0x0000002c   Code   RO          672    locale$$code        c_w.l(lc_numeric_c.o)
    0x0800aa70   0x0800aa70   0x00000062   Code   RO          443    x$fpl$d2f           fz_ws.l(d2f.o)
    0x0800aad2   0x0800aad2   0x00000002   PAD
    0x0800aad4   0x0800aad4   0x00000150   Code   RO          445    x$fpl$dadd          fz_ws.l(daddsub_clz.o)
    0x0800ac24   0x0800ac24   0x00000010   Code   RO          674    x$fpl$dcheck1       fz_ws.l(dcheck1.o)
    0x0800ac34   0x0800ac34   0x00000018   Code   RO          555    x$fpl$dcmpinf       fz_ws.l(dcmpi.o)
    0x0800ac4c   0x0800ac4c   0x000002b0   Code   RO          452    x$fpl$ddiv          fz_ws.l(ddiv.o)
    0x0800aefc   0x0800aefc   0x0000005e   Code   RO          455    x$fpl$dfix          fz_ws.l(dfix.o)
    0x0800af5a   0x0800af5a   0x00000002   PAD
    0x0800af5c   0x0800af5c   0x0000005a   Code   RO          459    x$fpl$dfixu         fz_ws.l(dfixu.o)
    0x0800afb6   0x0800afb6   0x0000002e   Code   RO          464    x$fpl$dflt          fz_ws.l(dflt_clz.o)
    0x0800afe4   0x0800afe4   0x00000026   Code   RO          463    x$fpl$dfltu         fz_ws.l(dflt_clz.o)
    0x0800b00a   0x0800b00a   0x00000002   PAD
    0x0800b00c   0x0800b00c   0x00000078   Code   RO          469    x$fpl$dleqf         fz_ws.l(dleqf.o)
    0x0800b084   0x0800b084   0x00000154   Code   RO          471    x$fpl$dmul          fz_ws.l(dmul.o)
    0x0800b1d8   0x0800b1d8   0x0000009c   Code   RO          557    x$fpl$dnaninf       fz_ws.l(dnaninf.o)
    0x0800b274   0x0800b274   0x0000000c   Code   RO          559    x$fpl$dretinf       fz_ws.l(dretinf.o)
    0x0800b280   0x0800b280   0x0000006c   Code   RO          473    x$fpl$drleqf        fz_ws.l(drleqf.o)
    0x0800b2ec   0x0800b2ec   0x00000016   Code   RO          446    x$fpl$drsb          fz_ws.l(daddsub_clz.o)
    0x0800b302   0x0800b302   0x00000002   PAD
    0x0800b304   0x0800b304   0x000001cc   Code   RO          676    x$fpl$dsqrt         fz_ws.l(dsqrt_noumaal.o)
    0x0800b4d0   0x0800b4d0   0x000001d4   Code   RO          447    x$fpl$dsub          fz_ws.l(daddsub_clz.o)
    0x0800b6a4   0x0800b6a4   0x00000056   Code   RO          475    x$fpl$f2d           fz_ws.l(f2d.o)
    0x0800b6fa   0x0800b6fa   0x00000002   PAD
    0x0800b6fc   0x0800b6fc   0x000000c4   Code   RO          477    x$fpl$fadd          fz_ws.l(faddsub_clz.o)
    0x0800b7c0   0x0800b7c0   0x00000018   Code   RO          561    x$fpl$fcmpinf       fz_ws.l(fcmpi.o)
    0x0800b7d8   0x0800b7d8   0x00000184   Code   RO          484    x$fpl$fdiv          fz_ws.l(fdiv.o)
    0x0800b95c   0x0800b95c   0x00000068   Code   RO          487    x$fpl$feqf          fz_ws.l(feqf.o)
    0x0800b9c4   0x0800b9c4   0x00000036   Code   RO          489    x$fpl$ffix          fz_ws.l(ffix.o)
    0x0800b9fa   0x0800b9fa   0x00000002   PAD
    0x0800b9fc   0x0800b9fc   0x0000003e   Code   RO          493    x$fpl$ffixu         fz_ws.l(ffixu.o)
    0x0800ba3a   0x0800ba3a   0x00000002   PAD
    0x0800ba3c   0x0800ba3c   0x00000030   Code   RO          498    x$fpl$fflt          fz_ws.l(fflt_clz.o)
    0x0800ba6c   0x0800ba6c   0x00000026   Code   RO          497    x$fpl$ffltu         fz_ws.l(fflt_clz.o)
    0x0800ba92   0x0800ba92   0x00000002   PAD
    0x0800ba94   0x0800ba94   0x00000068   Code   RO          503    x$fpl$fleqf         fz_ws.l(fleqf.o)
    0x0800bafc   0x0800bafc   0x00000102   Code   RO          505    x$fpl$fmul          fz_ws.l(fmul.o)
    0x0800bbfe   0x0800bbfe   0x0000008c   Code   RO          563    x$fpl$fnaninf       fz_ws.l(fnaninf.o)
    0x0800bc8a   0x0800bc8a   0x0000000a   Code   RO          565    x$fpl$fretinf       fz_ws.l(fretinf.o)
    0x0800bc94   0x0800bc94   0x00000062   Code   RO          507    x$fpl$frleqf        fz_ws.l(frleqf.o)
    0x0800bcf6   0x0800bcf6   0x00000014   Code   RO          478    x$fpl$frsb          fz_ws.l(faddsub_clz.o)
    0x0800bd0a   0x0800bd0a   0x00000002   PAD
    0x0800bd0c   0x0800bd0c   0x000000ea   Code   RO          479    x$fpl$fsub          fz_ws.l(faddsub_clz.o)
    0x0800bdf6   0x0800bdf6   0x00000004   Code   RO          509    x$fpl$printf1       fz_ws.l(printf1.o)
    0x0800bdfa   0x0800bdfa   0x00000064   Code   RO          744    x$fpl$retnan        fz_ws.l(retnan.o)
    0x0800be5e   0x0800be5e   0x0000005c   Code   RO          567    x$fpl$scalbn        fz_ws.l(scalbn.o)
    0x0800beba   0x0800beba   0x00000030   Code   RO          756    x$fpl$trapveneer    fz_ws.l(trapv.o)
    0x0800beea   0x0800beea   0x00000000   Code   RO          569    x$fpl$usenofp       fz_ws.l(usenofp.o)
    0x0800beea   0x0800beea   0x00000002   PAD
    0x0800beec   0x0800beec   0x00000050   Data   RO          185    .constdata          inv_mpu.o
    0x0800bf3c   0x0800bf3c   0x00000bf6   Data   RO          210    .constdata          inv_mpu_dmp_motion_driver.o
    0x0800cb32   0x0800cb32   0x00000a64   Data   RO          326    .constdata          oled.o
    0x0800d596   0x0800d596   0x00000002   PAD
    0x0800d598   0x0800d598   0x00000050   Data   RO          513    .constdata          m_ws.l(asin.o)
    0x0800d5e8   0x0800d5e8   0x00000088   Data   RO          531    .constdata          m_ws.l(pow.o)
    0x0800d670   0x0800d670   0x00000098   Data   RO          572    .constdata          m_ws.l(atan.o)
    0x0800d708   0x0800d708   0x00000008   Data   RO          598    .constdata          m_ws.l(qnan.o)
    0x0800d710   0x0800d710   0x00000094   Data   RO          643    .constdata          c_w.l(bigflt0.o)
    0x0800d7a4   0x0800d7a4   0x0000004e   Data   RO          186    .conststring        inv_mpu.o
    0x0800d7f2   0x0800d7f2   0x00000002   PAD
    0x0800d7f4   0x0800d7f4   0x00000020   Data   RO          827    Region$$Table       anon$$obj.o
    0x0800d814   0x0800d814   0x0000001c   Data   RO          671    locale$$data        c_w.l(lc_numeric_c.o)


    Execution Region RW_IRAM1 (Exec base: 0x20000000, Load base: 0x0800d830, Size: 0x00000ea0, Max: 0x0000c000, ABSOLUTE, COMPRESSED[0x0000005c])

    Exec Addr    Load Addr    Size         Type   Attr      Idx    E Section Name        Object

    0x20000000   COMPRESSED   0x000000f8   Data   RW           11    .data               main.o
    0x200000f8   COMPRESSED   0x00000004   Data   RW          115    .data               delay.o
    0x200000fc   COMPRESSED   0x00000031   Data   RW          150    .data               usart.o
    0x2000012d   COMPRESSED   0x00000003   PAD
    0x20000130   COMPRESSED   0x0000002c   Data   RW          187    .data               inv_mpu.o
    0x2000015c   COMPRESSED   0x0000000e   Data   RW          263    .data               key.o
    0x2000016a   COMPRESSED   0x00000002   PAD
    0x2000016c   COMPRESSED   0x00000008   Data   RW          276    .data               led.o
    0x20000174   COMPRESSED   0x00000040   Data   RW          302    .data               mpu6050.o
    0x200001b4   COMPRESSED   0x00000024   Data   RW          346    .data               pstwo.o
    0x200001d8   COMPRESSED   0x00000011   Data   RW          377    .data               can.o
    0x200001e9   COMPRESSED   0x00000003   PAD
    0x200001ec        -       0x000001a8   Zero   RW          149    .bss                usart.o
    0x20000394        -       0x00000010   Zero   RW          209    .bss                inv_mpu_dmp_motion_driver.o
    0x200003a4        -       0x00000092   Zero   RW          301    .bss                mpu6050.o
    0x20000436        -       0x00000400   Zero   RW          325    .bss                oled.o
    0x20000836        -       0x00000009   Zero   RW          345    .bss                pstwo.o
    0x2000083f   COMPRESSED   0x00000001   PAD
    0x20000840        -       0x00000060   Zero   RW          681    .bss                c_w.l(libspace.o)
    0x200008a0        -       0x00000200   Zero   RW            2    HEAP                startup_stm32f10x_hd.o
    0x20000aa0        -       0x00000400   Zero   RW            1    STACK               startup_stm32f10x_hd.o


==============================================================================

Image component sizes


      Code (inc. data)   RO Data    RW Data    ZI Data      Debug   Object Name

       472         36          0          0          0       1023   adc.o
      1512         34          0         17          0       5108   can.o
       176          8          0          4          0       1071   delay.o
       172          6          0          0          0       1500   dma.o
      1076         36          0          0          0       1931   encoder.o
        84          8          0          0          0        476   exti.o
      7824        172        158         44          0      21631   inv_mpu.o
      3448        126       3062          0         16      15151   inv_mpu_dmp_motion_driver.o
      1290         16          0          0          0       5798   ioi2c.o
       444         48          0         14          0       1387   key.o
       156         26          0          8          0        701   led.o
      6536        774          0        248          0     216769   main.o
       660         52          0          0          0        946   motor.o
      2052        134          0         64        146      20927   mpu6050.o
      2322        150       2660          0       1024       5183   oled.o
      1152         48          0         36          9       3807   pstwo.o
        56         22        304          0       1536        808   startup_stm32f10x_hd.o
       712         44          0          0          0       2835   sys.o
      3464        286          0         49        424       7901   usart.o

    ----------------------------------------------------------------------
     33612       2026       6220        492       3156     314953   Object Totals
         0          0         32          0          0          0   (incl. Generated)
         4          0          4          8          1          0   (incl. Padding)

    ----------------------------------------------------------------------

      Code (inc. data)   RO Data    RW Data    ZI Data      Debug   Library Member Name

        58          0          0          0          0          0   __dczerorl.o
         8          0          0          0          0         68   __main.o
       284          0          0          0          0        156   __printf_wp.o
         0          0          0          0          0          0   __rtentry.o
        12          0          0          0          0          0   __rtentry2.o
         6          0          0          0          0          0   __rtentry4.o
        52          8          0          0          0          0   __scatter.o
        28          0          0          0          0          0   __scatter_zi.o
        48          6          0          0          0         96   _printf_char_common.o
        36          4          0          0          0         80   _printf_char_file.o
         6          0          0          0          0          0   _printf_d.o
       120         16          0          0          0         92   _printf_dec.o
         6          0          0          0          0          0   _printf_f.o
      1054          0          0          0          0        216   _printf_fp_dec.o
       128         16          0          0          0         84   _printf_fp_infnan.o
       178          0          0          0          0         88   _printf_intcommon.o
         0          0          0          0          0          0   _printf_percent.o
         4          0          0          0          0          0   _printf_percent_end.o
        22          0          0          0          0        100   _rserrno.o
        16          0          0          0          0         68   aeabi_memset.o
       228          4        148          0          0         96   bigflt0.o
      1936        128          0          0          0        672   btod.o
        18          0          0          0          0         80   exit.o
         8          0          0          0          0         68   ferror.o
         6          0          0          0          0        152   heapauxi.o
        44         10         28          0          0         76   lc_numeric_c.o
         2          0          0          0          0          0   libinit.o
        18          0          0          0          0          0   libinit2.o
         2          0          0          0          0          0   libshutdown.o
         2          0          0          0          0          0   libshutdown2.o
         8          4          0          0         96         68   libspace.o
        72          0          0          0          0         76   llsdiv.o
       138          0          0          0          0         80   lludiv10.o
       238          0          0          0          0        100   lludivv7m.o
        88          0          0          0          0         76   memcmp.o
        24          4          0          0          0         84   noretval__2printf.o
         8          4          0          0          0         68   rt_errno_addr_intlibspace.o
         8          4          0          0          0         68   rt_locale_intlibspace.o
        68          0          0          0          0         68   rt_memclr.o
        78          0          0          0          0         80   rt_memclr_w.o
         2          0          0          0          0          0   rtexit.o
        10          0          0          0          0          0   rtexit2.o
       128          0          0          0          0         68   strcmpv7m.o
        74          0          0          0          0         80   sys_stackheap_outer.o
         2          0          0          0          0         68   use_no_semi.o
         2          0          0          0          0         68   use_no_semi_2.o
        98          4          0          0          0         92   d2f.o
       826         16          0          0          0        348   daddsub_clz.o
        16          4          0          0          0         68   dcheck1.o
        24          0          0          0          0         68   dcmpi.o
       688        140          0          0          0        208   ddiv.o
        94          4          0          0          0         92   dfix.o
        90          4          0          0          0         92   dfixu.o
        84          0          0          0          0        136   dflt_clz.o
       120          4          0          0          0         92   dleqf.o
       340         12          0          0          0        104   dmul.o
       156          4          0          0          0         92   dnaninf.o
        12          0          0          0          0         68   dretinf.o
       108          0          0          0          0         80   drleqf.o
       460         56          0          0          0        120   dsqrt_noumaal.o
        86          4          0          0          0         84   f2d.o
       450          8          0          0          0        236   faddsub_clz.o
        24          0          0          0          0         68   fcmpi.o
       388         76          0          0          0         96   fdiv.o
       104          4          0          0          0         84   feqf.o
        54          4          0          0          0         84   ffix.o
        62          4          0          0          0         84   ffixu.o
        86          0          0          0          0        136   fflt_clz.o
       104          4          0          0          0         84   fleqf.o
       258          4          0          0          0         84   fmul.o
       140          4          0          0          0         84   fnaninf.o
        10          0          0          0          0         68   fretinf.o
        98          0          0          0          0         68   frleqf.o
         4          0          0          0          0         68   printf1.o
       100          0          0          0          0         68   retnan.o
        92          0          0          0          0         68   scalbn.o
        48          0          0          0          0         68   trapv.o
         0          0          0          0          0          0   usenofp.o
       624         52         80          0          0        168   asin.o
       544         70        152          0          0        124   atan.o
       384         38          0          0          0        144   atan2.o
        68         10          0          0          0        408   dunder.o
        40          0          0          0          0         68   fpclassify.o
       170          0          0          0          0         96   poly.o
      2520        190        136          0          0        324   pow.o
         0          0          8          0          0          0   qnan.o
        76          0          0          0          0         84   sqrt.o

    ----------------------------------------------------------------------
     14960        928        552          0         96       7852   Library Totals
        32          0          0          0          0          0   (incl. Padding)

    ----------------------------------------------------------------------

      Code (inc. data)   RO Data    RW Data    ZI Data      Debug   Library Name

      5278        208        176          0         96       3244   c_w.l
      5224        360          0          0          0       3192   fz_ws.l
      4426        360        376          0          0       1416   m_ws.l

    ----------------------------------------------------------------------
     14960        928        552          0         96       7852   Library Totals

    ----------------------------------------------------------------------

==============================================================================


      Code (inc. data)   RO Data    RW Data    ZI Data      Debug   

     48572       2954       6772        492       3252     316561   Grand Totals
     48572       2954       6772         92       3252     316561   ELF Image Totals (compressed)
     48572       2954       6772         92          0          0   ROM Totals

==============================================================================

    Total RO  Size (Code + RO Data)                55344 (  54.05kB)
    Total RW  Size (RW Data + ZI Data)              3744 (   3.66kB)
    Total ROM Size (Code + RO Data + RW Data)      55436 (  54.14kB)

==============================================================================

